<html>
<body>
<pre>
<h1>µVision Build Log</h1>
<h2>Tool Versions:</h2>
IDE-Version: ¦ÌVision V5.27.0.0
Copyright (C) 2018 ARM Ltd and ARM Germany GmbH. All rights reserved.
License Information: 123 Administrator, 123, LIC=QF801-C6V4F-X6BQZ-JME8B-DIAFS-QA5YD
 
Tool Versions:
Toolchain:       MDK-ARM Plus  Version: 5.27.0.0
Toolchain Path:  C:\TIM\software\MDK526\ARM\ARMCC\Bin
C Compiler:      Armcc.exe V5.06 update 6 (build 750)
Assembler:       Armasm.exe V5.06 update 6 (build 750)
Linker/Locator:  ArmLink.exe V5.06 update 6 (build 750)
Library Manager: ArmAr.exe V5.06 update 6 (build 750)
Hex Converter:   FromElf.exe V5.06 update 6 (build 750)
CPU DLL:         SARMCM3.DLL V5.27.0.0
Dialog DLL:      DARMCM1.DLL V1.19.2.0
Target DLL:      STLink\ST-LINKIII-KEIL_SWO.dll V3.0.5.0
Dialog DLL:      TARMCM1.DLL V1.14.1.0
 
<h2>Project:</h2>
C:\Users\Administrator\Desktop\TL-402 Norm App Rtos 20190606 - V1.0 (071)\MDK-ARM\4G.uvprojx
Project File Date:  06/21/2019

<h2>Output:</h2>
*** Using Compiler 'V5.06 update 6 (build 750)', folder: 'C:\TIM\software\MDK526\ARM\ARMCC\Bin'
Build target '4G'
Clean started - Project: '4G'
   deleting intermediate output files for target '4G'
assembling startup_stm32l071xx.s...
compiling system_stm32l0xx.c...
compiling app_task_1.c...
compiling app_task_2.c...
compiling app_task_3.c...
compiling app_task_4.c...
compiling app_task_5.c...
compiling app_task_timer.c...
compiling main.c...
compiling stm32l0xx_it.c...
compiling CMDHandle.c...
compiling freertos.c...
compiling wm8960.c...
compiling w25qxx.c...
compiling bma250.C...
compiling maincontrol.c...
compiling keyscan.c...
compiling usart1.c...
compiling gsm.c...
compiling wifi.c...
..\HARDWARE\src\wifi.c(148): warning:  #177-D: variable "temp_str"  was declared but never referenced
        char temp_str[50]="";
..\HARDWARE\src\wifi.c: 1 warning, 0 errors
compiling gps.c...
compiling geo.c...
compiling ota.c...
compiling iic.c...
compiling rtc.c...
compiling spi.c...
compiling gpio.c...
compiling usart.c...
compiling iwdg.c...
compiling stm32l0xx_hal_msp.c...
compiling stm32l0xx_hal_pwr_ex.c...
compiling stm32l0xx_hal_rtc.c...
compiling stm32l0xx_hal_lptim.c...
compiling stm32l0xx_hal_rcc_ex.c...
compiling stm32l0xx_hal_uart_ex.c...
compiling stm32l0xx_hal_rcc.c...
compiling stm32l0xx_hal_gpio.c...
compiling stm32l0xx_hal_adc.c...
compiling stm32l0xx_hal_flash.c...
compiling stm32l0xx_hal_tim_ex.c...
compiling stm32l0xx_hal_adc_ex.c...
compiling stm32l0xx_hal_pwr.c...
compiling stm32l0xx_hal_i2c.c...
compiling stm32l0xx_hal_uart.c...
compiling stm32l0xx_hal_rtc_ex.c...
compiling stm32l0xx_hal_tim.c...
compiling stm32l0xx_hal_i2c_ex.c...
compiling stm32l0xx_hal_spi.c...
compiling stm32l0xx_hal_flash_ramfunc.c...
compiling stm32l0xx_hal_flash_ex.c...
compiling stm32l0xx_hal_dma.c...
compiling stm32l0xx_hal_cortex.c...
compiling stm32l0xx_hal_iwdg.c...
compiling stm32l0xx_hal.c...
compiling croutine.c...
compiling event_groups.c...
compiling list.c...
compiling queue.c...
compiling tasks.c...
compiling timers.c...
compiling cmsis_os.c...
compiling port.c...
compiling heap_4.c...
linking...
Program Size: Code=87332 RO-data=2588 RW-data=280 ZI-data=18616  
".\4G\4G.axf" - 0 Error(s), 1 Warning(s).

*** Performing Cross-Module-Optimization:
compiling system_stm32l0xx.c...
compiling app_task_1.c...
compiling app_task_2.c...
compiling app_task_3.c...
compiling app_task_4.c...
compiling app_task_5.c...
compiling app_task_timer.c...
compiling main.c...
compiling stm32l0xx_it.c...
compiling CMDHandle.c...
compiling freertos.c...
compiling wm8960.c...
compiling w25qxx.c...
compiling bma250.C...
compiling maincontrol.c...
compiling keyscan.c...
compiling usart1.c...
compiling gsm.c...
compiling wifi.c...
..\HARDWARE\src\wifi.c(148): warning:  #177-D: variable "temp_str"  was declared but never referenced
        char temp_str[50]="";
..\HARDWARE\src\wifi.c: 1 warning, 0 errors
compiling gps.c...
compiling geo.c...
compiling ota.c...
compiling iic.c...
compiling rtc.c...
compiling spi.c...
compiling gpio.c...
compiling usart.c...
compiling iwdg.c...
compiling stm32l0xx_hal_msp.c...
compiling stm32l0xx_hal_pwr_ex.c...
compiling stm32l0xx_hal_rtc.c...
compiling stm32l0xx_hal_lptim.c...
compiling stm32l0xx_hal_rcc_ex.c...
compiling stm32l0xx_hal_uart_ex.c...
compiling stm32l0xx_hal_rcc.c...
compiling stm32l0xx_hal_gpio.c...
compiling stm32l0xx_hal_adc.c...
compiling stm32l0xx_hal_flash.c...
compiling stm32l0xx_hal_tim_ex.c...
compiling stm32l0xx_hal_adc_ex.c...
compiling stm32l0xx_hal_pwr.c...
compiling stm32l0xx_hal_i2c.c...
compiling stm32l0xx_hal_uart.c...
compiling stm32l0xx_hal_rtc_ex.c...
compiling stm32l0xx_hal_tim.c...
compiling stm32l0xx_hal_i2c_ex.c...
compiling stm32l0xx_hal_spi.c...
compiling stm32l0xx_hal_flash_ramfunc.c...
compiling stm32l0xx_hal_flash_ex.c...
compiling stm32l0xx_hal_dma.c...
compiling stm32l0xx_hal_cortex.c...
compiling stm32l0xx_hal_iwdg.c...
compiling stm32l0xx_hal.c...
compiling event_groups.c...
compiling queue.c...
compiling tasks.c...
compiling timers.c...
compiling cmsis_os.c...
compiling port.c...
compiling heap_4.c...
linking...
Program Size: Code=87332 RO-data=2588 RW-data=280 ZI-data=18616  
FromELF: creating hex file...
".\4G\4G.axf" - 0 Error(s), 1 Warning(s).
*** Completed Cross-Module-Optimization after 2 iteration(s).

<h2>Software Packages used:</h2>

Package Vendor: ARM
                http://www.keil.com/pack/ARM.CMSIS.5.4.0.pack
                ARM.CMSIS.5.4.0
                CMSIS (Cortex Microcontroller Software Interface Standard)
   * Component: CORE Version: 5.1.2

Package Vendor: Keil
                http://www.keil.com/pack/Keil.STM32L0xx_DFP.2.0.1.pack
                Keil.STM32L0xx_DFP.2.0.1
                STMicroelectronics STM32L0 Series Device Support, Drivers and Examples

<h2>Collection of Component include folders:</h2>
  .\RTE\_4G
  C:\TIM\software\MDK526\ARM\PACK\ARM\CMSIS\5.4.0\CMSIS\Core\Include
  C:\TIM\software\MDK526\ARM\PACK\Keil\STM32L0xx_DFP\2.0.1\Drivers\CMSIS\Device\ST\STM32L0xx\Include

<h2>Collection of Component Files used:</h2>

   * Component: ARM::CMSIS:CORE:5.1.2
Build Time Elapsed:  00:01:50
</pre>
</body>
</html>
