Component: ARM Compiler 5.06 update 6 (build 750) Tool: armlink [4d35ed]

==============================================================================

Section Cross References

    startup_stm32l071xx.o(RESET) refers to startup_stm32l071xx.o(STACK) for __initial_sp
    startup_stm32l071xx.o(RESET) refers to startup_stm32l071xx.o(.text) for Reset_Handler
    startup_stm32l071xx.o(RESET) refers to stm32l0xx_it.o(i.NMI_Handler) for NMI_Handler
    startup_stm32l071xx.o(RESET) refers to stm32l0xx_it.o(i.HardFault_Handler) for HardFault_Handler
    startup_stm32l071xx.o(RESET) refers to port.o(i.SVC_Handler) for SVC_Handler
    startup_stm32l071xx.o(RESET) refers to port.o(.emb_text) for PendSV_Handler
    startup_stm32l071xx.o(RESET) refers to stm32l0xx_it.o(i.SysTick_Handler) for SysTick_Handler
    startup_stm32l071xx.o(RESET) refers to stm32l0xx_it.o(i.EXTI0_1_IRQHandler) for EXTI0_1_IRQHandler
    startup_stm32l071xx.o(RESET) refers to stm32l0xx_it.o(i.EXTI2_3_IRQHandler) for EXTI2_3_IRQHandler
    startup_stm32l071xx.o(RESET) refers to stm32l0xx_it.o(i.EXTI4_15_IRQHandler) for EXTI4_15_IRQHandler
    startup_stm32l071xx.o(RESET) refers to stm32l0xx_it.o(i.DMA1_Channel4_5_6_7_IRQHandler) for DMA1_Channel4_5_6_7_IRQHandler
    startup_stm32l071xx.o(RESET) refers to stm32l0xx_it.o(i.USART4_5_IRQHandler) for USART4_5_IRQHandler
    startup_stm32l071xx.o(RESET) refers to stm32l0xx_it.o(i.USART1_IRQHandler) for USART1_IRQHandler
    startup_stm32l071xx.o(RESET) refers to stm32l0xx_it.o(i.USART2_IRQHandler) for USART2_IRQHandler
    startup_stm32l071xx.o(RESET) refers to stm32l0xx_it.o(i.LPUART1_IRQHandler) for LPUART1_IRQHandler
    startup_stm32l071xx.o(.text) refers to system_stm32l0xx.o(i.SystemInit) for SystemInit
    startup_stm32l071xx.o(.text) refers to entry.o(.ARM.Collect$$$$00000000) for __main
    system_stm32l0xx.o(i.SystemCoreClockUpdate) refers to uidiv.o(.text) for __aeabi_uidivmod
    system_stm32l0xx.o(i.SystemCoreClockUpdate) refers to system_stm32l0xx.o(.data) for SystemCoreClock
    system_stm32l0xx.o(i.SystemCoreClockUpdate) refers to system_stm32l0xx.o(.constdata) for PLLMulTable
    app_task_1.o(i.App_Task1) refers to maincontrol.o(i.Read_Flash_Para) for Read_Flash_Para
    app_task_1.o(i.App_Task1) refers to bma250.o(i.BMA250_init) for BMA250_init
    app_task_1.o(i.App_Task1) refers to gpio.o(i.USBinsert_chk) for USBinsert_chk
    app_task_1.o(i.App_Task1) refers to gpio.o(i.CHK_CH) for CHK_CH
    app_task_1.o(i.App_Task1) refers to queue.o(i.xQueueGenericReceive) for xQueueGenericReceive
    app_task_1.o(i.App_Task1) refers to w25qxx.o(i.SPI_Flash_Wakeup) for SPI_Flash_Wakeup
    app_task_1.o(i.App_Task1) refers to app_task_1.o(i.__ARM_common_switch8) for __ARM_common_switch8
    app_task_1.o(i.App_Task1) refers to w25qxx.o(i.SPI_Flash_Read) for SPI_Flash_Read
    app_task_1.o(i.App_Task1) refers to w25qxx.o(i.SPI_Flash_Write) for SPI_Flash_Write
    app_task_1.o(i.App_Task1) refers to w25qxx.o(i.SPI_Flash_Erase_Sector) for SPI_Flash_Erase_Sector
    app_task_1.o(i.App_Task1) refers to maincontrol.o(i.initialize_all) for initialize_all
    app_task_1.o(i.App_Task1) refers to w25qxx.o(i.SPI_Flash_ReadID) for SPI_Flash_ReadID
    app_task_1.o(i.App_Task1) refers to printf8.o(i.__0printf$8) for __2printf
    app_task_1.o(i.App_Task1) refers to memseta.o(.text) for __aeabi_memclr4
    app_task_1.o(i.App_Task1) refers to strcmp.o(.text) for strcmp
    app_task_1.o(i.App_Task1) refers to uread4.o(.text) for __aeabi_uread4
    app_task_1.o(i.App_Task1) refers to uwrite4.o(.text) for __aeabi_uwrite4
    app_task_1.o(i.App_Task1) refers to uidiv.o(.text) for __aeabi_uidivmod
    app_task_1.o(i.App_Task1) refers to maincontrol.o(.data) for MCU_F
    app_task_1.o(i.App_Task1) refers to freertos.o(.data) for Queue_SPI
    app_task_1.o(i.App_Task1) refers to gsm.o(.bss) for GSM_ph
    app_task_1.o(i.App_Task1) refers to gps.o(.bss) for gpsx
    app_task_1.o(i.App_Task1) refers to gsm.o(.data) for GSMA
    app_task_1.o(i.App_Task1) refers to main.o(.data) for HS_VER
    app_task_1.o(i.App_Task1) refers to geo.o(.data) for GEOD
    app_task_1.o(i.App_Task1) refers to maincontrol.o(.bss) for cnt_1s
    app_task_1.o(i.App_Task1) refers to app_task_2.o(i.Task_AT_GSM) for Task_AT_GSM
    app_task_1.o(i.App_Task1) refers to w25qxx.o(i.SPI_Flash_Sleep) for SPI_Flash_Sleep
    app_task_1.o(i.App_Task1) refers to gpio.o(i.power_off) for power_off
    app_task_1.o(i.App_Task1) refers to tasks.o(i.vTaskDelay) for vTaskDelay
    app_task_1.o(i.Task_SPI_Flash) refers to queue.o(i.xQueueGenericSend) for xQueueGenericSend
    app_task_1.o(i.Task_SPI_Flash) refers to freertos.o(.data) for Queue_SPI
    app_task_1.o(i.Task_SPI_Flash_Callback) refers to queue.o(i.xQueueGenericSendFromISR) for xQueueGenericSendFromISR
    app_task_1.o(i.Task_SPI_Flash_Callback) refers to freertos.o(.data) for Queue_SPI
    app_task_2.o(i.App_Task2) refers to gpio.o(i.GSM_Wakeup) for GSM_Wakeup
[...]
    ZDMD_ON                                  0x080155c5   Thumb Code    14  gpio.o(i.ZDMD_ON)
    __0printf$8                              0x080155d9   Thumb Code    24  printf8.o(i.__0printf$8)
    __1printf$8                              0x080155d9   Thumb Code     0  printf8.o(i.__0printf$8)
    __2printf                                0x080155d9   Thumb Code     0  printf8.o(i.__0printf$8)
    __0snprintf$8                            0x080155f9   Thumb Code    46  printf8.o(i.__0snprintf$8)
    __1snprintf$8                            0x080155f9   Thumb Code     0  printf8.o(i.__0snprintf$8)
    __2snprintf                              0x080155f9   Thumb Code     0  printf8.o(i.__0snprintf$8)
    __0sprintf$8                             0x0801562d   Thumb Code    36  printf8.o(i.__0sprintf$8)
    __1sprintf$8                             0x0801562d   Thumb Code     0  printf8.o(i.__0sprintf$8)
    __2sprintf                               0x0801562d   Thumb Code     0  printf8.o(i.__0sprintf$8)
    __ARM_clz                                0x08015655   Thumb Code    46  depilogue.o(i.__ARM_clz)
    __ARM_common_ll_muluu                    0x08015683   Thumb Code    50  rred.o(i.__ARM_common_ll_muluu)
    __ARM_common_switch8                     0x080156b5   Thumb Code    28  app_task_1.o(i.__ARM_common_switch8)
    __ARM_fpclassify                         0x080156d1   Thumb Code    40  fpclassify.o(i.__ARM_fpclassify)
    __aeabi_errno_addr                       0x080156fd   Thumb Code     4  errno.o(i.__aeabi_errno_addr)
    __rt_errno_addr                          0x080156fd   Thumb Code     0  errno.o(i.__aeabi_errno_addr)
    __ieee754_rem_pio2                       0x08015705   Thumb Code   838  rred.o(i.__ieee754_rem_pio2)
    __kernel_cos                             0x08015aa1   Thumb Code   224  cos_i.o(i.__kernel_cos)
    __kernel_poly                            0x08015b95   Thumb Code   172  poly.o(i.__kernel_poly)
    __kernel_sin                             0x08015c41   Thumb Code   222  sin_i.o(i.__kernel_sin)
    __mathlib_dbl_divzero                    0x08015d2d   Thumb Code    16  dunder.o(i.__mathlib_dbl_divzero)
    __mathlib_dbl_infnan                     0x08015d41   Thumb Code    10  dunder.o(i.__mathlib_dbl_infnan)
    __mathlib_dbl_infnan2                    0x08015d4b   Thumb Code     8  dunder.o(i.__mathlib_dbl_infnan2)
    __mathlib_dbl_invalid                    0x08015d53   Thumb Code    16  dunder.o(i.__mathlib_dbl_invalid)
    __mathlib_dbl_overflow                   0x08015d65   Thumb Code    16  dunder.o(i.__mathlib_dbl_overflow)
    __mathlib_dbl_underflow                  0x08015d79   Thumb Code    14  dunder.o(i.__mathlib_dbl_underflow)
    __read_errno                             0x08015d8d   Thumb Code     6  errno.o(i.__read_errno)
    __scatterload_copy                       0x08015d99   Thumb Code    14  handlers.o(i.__scatterload_copy)
    __scatterload_null                       0x08015da7   Thumb Code     2  handlers.o(i.__scatterload_null)
    __scatterload_zeroinit                   0x08015da9   Thumb Code    14  handlers.o(i.__scatterload_zeroinit)
    __set_errno                              0x08015db9   Thumb Code     6  errno.o(i.__set_errno)
    _is_digit                                0x08015dc5   Thumb Code    14  scanf_fp.o(i._is_digit)
    acos                                     0x08016269   Thumb Code   556  acos.o(i.acos)
    analysis_sms_content                     0x080164d1   Thumb Code   332  gsm.o(i.analysis_sms_content)
    app_timer_50ms_callback                  0x0801661d   Thumb Code  2382  app_task_timer.o(i.app_timer_50ms_callback)
    atof                                     0x08016f81   Thumb Code    42  atof.o(i.atof)
    clr_gsm_buf                              0x08016fad   Thumb Code    38  gsm.o(i.clr_gsm_buf)
    clr_wifi_buf                             0x08016fe5   Thumb Code    30  wifi.o(i.clr_wifi_buf)
    cmgd_p                                   0x08017011   Thumb Code    42  gsm.o(i.cmgd_p)
    cos                                      0x08017055   Thumb Code   142  cos.o(i.cos)
    dms_to_d                                 0x080170ed   Thumb Code   292  geo.o(i.dms_to_d)
    find_str                                 0x08017221   Thumb Code    24  gsm.o(i.find_str)
    fputc                                    0x0801723d   Thumb Code    16  maincontrol.o(i.fputc)
    get_length                               0x0801724d   Thumb Code   198  geo.o(i.get_length)
    initialize_all                           0x0801732d   Thumb Code   298  maincontrol.o(i.initialize_all)
    key_num                                  0x080174a9   Thumb Code    54  keyscan.o(i.key_num)
    key_scan                                 0x080174e1   Thumb Code   476  keyscan.o(i.key_scan)
    key_scan_End                             0x080176d9   Thumb Code    28  keyscan.o(i.key_scan_End)
    main                                     0x08017705   Thumb Code    74  main.o(i.main)
    motor_off                                0x08017775   Thumb Code    14  gpio.o(i.motor_off)
    motor_on                                 0x08017789   Thumb Code    14  gpio.o(i.motor_on)
    osKernelStart                            0x0801779d   Thumb Code    10  cmsis_os.o(i.osKernelStart)
    osSemaphoreWait                          0x080177a9   Thumb Code   108  cmsis_os.o(i.osSemaphoreWait)
    osSystickHandler                         0x08017819   Thumb Code    16  cmsis_os.o(i.osSystickHandler)
    osThreadCreate                           0x08017829   Thumb Code    58  cmsis_os.o(i.osThreadCreate)
    osTimerCreate                            0x08017865   Thumb Code    36  cmsis_os.o(i.osTimerCreate)
    osTimerStart                             0x0801788d   Thumb Code    94  cmsis_os.o(i.osTimerStart)
    play_audio                               0x080178f1   Thumb Code   236  gsm.o(i.play_audio)
    pow                                      0x08017a79   Thumb Code  2548  pow.o(i.pow)
    power_off                                0x08018475   Thumb Code    72  gpio.o(i.power_off)
    pvPortMalloc                             0x08018ca9   Thumb Code   264  heap_4.o(i.pvPortMalloc)
    pxPortInitialiseStack                    0x08018dc5   Thumb Code    26  port.o(i.pxPortInitialiseStack)
    send_alarm                               0x08018de5   Thumb Code   374  geo.o(i.send_alarm)
    send_info                                0x08018f65   Thumb Code    76  gsm.o(i.send_info)
    send_phone_number                        0x08018fb9   Thumb Code    86  gsm.o(i.send_phone_number)
    send_str_to_gsm                          0x08019025   Thumb Code    78  gsm.o(i.send_str_to_gsm)
    send_str_to_wifi                         0x08019085   Thumb Code    62  wifi.o(i.send_str_to_wifi)
    spk_mic                                  0x080190d1   Thumb Code    88  gsm.o(i.spk_mic)
    sqrt                                     0x08019155   Thumb Code    66  sqrt.o(i.sqrt)
    sqrtf                                    0x0801919d   Thumb Code    44  sqrtf.o(i.sqrtf)
    stop_audio                               0x080191c9   Thumb Code    26  gsm.o(i.stop_audio)
    uartTxByte                               0x080191f5   Thumb Code    62  gsm.o(i.uartTxByte)
    uxListRemove                             0x08019241   Thumb Code    40  list.o(i.uxListRemove)
    uxQueueSpacesAvailable                   0x08019269   Thumb Code    34  queue.o(i.uxQueueSpacesAvailable)
    uxTaskResetEventItemValue                0x0801928d   Thumb Code    24  tasks.o(i.uxTaskResetEventItemValue)
    vApplicationIdleHook                     0x080192a9   Thumb Code    24  freertos.o(i.vApplicationIdleHook)
    vEventGroupSetBitsCallback               0x080192c5   Thumb Code    16  event_groups.o(i.vEventGroupSetBitsCallback)
    vListInitialise                          0x080192d5   Thumb Code    26  list.o(i.vListInitialise)
    vListInitialiseItem                      0x080192ef   Thumb Code     6  list.o(i.vListInitialiseItem)
    vListInsert                              0x080192f5   Thumb Code    54  list.o(i.vListInsert)
    vListInsertEnd                           0x0801932b   Thumb Code    24  list.o(i.vListInsertEnd)
    vPortEnterCritical                       0x08019345   Thumb Code    22  port.o(i.vPortEnterCritical)
    vPortExitCritical                        0x08019361   Thumb Code    36  port.o(i.vPortExitCritical)
    vPortFree                                0x08019389   Thumb Code   120  heap_4.o(i.vPortFree)
    vPortYield                               0x08019409   Thumb Code    18  port.o(i.vPortYield)
    vQueueAddToRegistry                      0x08019421   Thumb Code    40  queue.o(i.vQueueAddToRegistry)
    vQueueWaitForMessageRestricted           0x0801944d   Thumb Code    64  queue.o(i.vQueueWaitForMessageRestricted)
    vTaskDelay                               0x0801948d   Thumb Code    76  tasks.o(i.vTaskDelay)
    vTaskMissedYield                         0x080194e5   Thumb Code     8  tasks.o(i.vTaskMissedYield)
    vTaskPlaceOnEventList                    0x080194f1   Thumb Code    72  tasks.o(i.vTaskPlaceOnEventList)
    vTaskPlaceOnEventListRestricted          0x08019545   Thumb Code    72  tasks.o(i.vTaskPlaceOnEventListRestricted)
    vTaskPlaceOnUnorderedEventList           0x08019599   Thumb Code   110  tasks.o(i.vTaskPlaceOnUnorderedEventList)
    vTaskSetTimeOutState                     0x08019619   Thumb Code    24  tasks.o(i.vTaskSetTimeOutState)
    vTaskStartScheduler                      0x08019639   Thumb Code    80  tasks.o(i.vTaskStartScheduler)
    vTaskSuspendAll                          0x080196a1   Thumb Code    12  tasks.o(i.vTaskSuspendAll)
    vTaskSwitchContext                       0x080196b1   Thumb Code   120  tasks.o(i.vTaskSwitchContext)
    xEventGroupClearBits                     0x0801973d   Thumb Code    62  event_groups.o(i.xEventGroupClearBits)
    xEventGroupCreate                        0x0801977b   Thumb Code    28  event_groups.o(i.xEventGroupCreate)
    xEventGroupGetBitsFromISR                0x08019797   Thumb Code    24  event_groups.o(i.xEventGroupGetBitsFromISR)
    xEventGroupSetBits                       0x080197af   Thumb Code   200  event_groups.o(i.xEventGroupSetBits)
    xEventGroupSetBitsFromISR                0x08019879   Thumb Code    26  event_groups.o(i.xEventGroupSetBitsFromISR)
    xEventGroupWaitBits                      0x08019899   Thumb Code   288  event_groups.o(i.xEventGroupWaitBits)
    xPortStartScheduler                      0x080199b9   Thumb Code    48  port.o(i.xPortStartScheduler)
    xPortSysTickHandler                      0x080199f1   Thumb Code    32  port.o(i.xPortSysTickHandler)
    xQueueGenericCreate                      0x08019a15   Thumb Code   112  queue.o(i.xQueueGenericCreate)
    xQueueGenericReceive                     0x08019a85   Thumb Code   336  queue.o(i.xQueueGenericReceive)
    xQueueGenericReset                       0x08019bd5   Thumb Code   126  queue.o(i.xQueueGenericReset)
    xQueueGenericSend                        0x08019c53   Thumb Code   334  queue.o(i.xQueueGenericSend)
    xQueueGenericSendFromISR                 0x08019da1   Thumb Code   178  queue.o(i.xQueueGenericSendFromISR)
    xQueueGiveFromISR                        0x08019e53   Thumb Code   156  queue.o(i.xQueueGiveFromISR)
    xQueueReceiveFromISR                     0x08019eef   Thumb Code   144  queue.o(i.xQueueReceiveFromISR)
    xTaskCheckForTimeOut                     0x08019f81   Thumb Code   106  tasks.o(i.xTaskCheckForTimeOut)
    xTaskGenericCreate                       0x08019ff5   Thumb Code   288  tasks.o(i.xTaskGenericCreate)
    xTaskGetSchedulerState                   0x0801a12d   Thumb Code    28  tasks.o(i.xTaskGetSchedulerState)
    xTaskGetTickCount                        0x0801a151   Thumb Code     6  tasks.o(i.xTaskGetTickCount)
    xTaskIncrementTick                       0x0801a15d   Thumb Code   274  tasks.o(i.xTaskIncrementTick)
    xTaskRemoveFromEventList                 0x0801a29d   Thumb Code   112  tasks.o(i.xTaskRemoveFromEventList)
    xTaskRemoveFromUnorderedEventList        0x0801a325   Thumb Code   122  tasks.o(i.xTaskRemoveFromUnorderedEventList)
    xTaskResumeAll                           0x0801a3b5   Thumb Code   202  tasks.o(i.xTaskResumeAll)
    xTimerCreate                             0x0801a4a1   Thumb Code    80  timers.o(i.xTimerCreate)
    xTimerCreateTimerTask                    0x0801a4f1   Thumb Code    58  timers.o(i.xTimerCreateTimerTask)
    xTimerGenericCommand                     0x0801a53d   Thumb Code   110  timers.o(i.xTimerGenericCommand)
    xTimerPendFunctionCallFromISR            0x0801a5b1   Thumb Code    46  timers.o(i.xTimerPendFunctionCallFromISR)
    AHBPrescTable                            0x0801a5e4   Data          16  system_stm32l0xx.o(.constdata)
    APBPrescTable                            0x0801a5f4   Data           8  system_stm32l0xx.o(.constdata)
    PLLMulTable                              0x0801a5fc   Data           9  system_stm32l0xx.o(.constdata)
    default_gpsx                             0x0801a670   Data          37  maincontrol.o(.constdata)
    default_GSM_P                            0x0801a695   Data         176  maincontrol.o(.constdata)
    default_GSM_ph                           0x0801a745   Data         192  maincontrol.o(.constdata)
    default_phname                           0x0801a805   Data         104  maincontrol.o(.constdata)
    default_GSM_OTA                          0x0801a86d   Data          24  maincontrol.o(.constdata)
    default_flags                            0x0801a885   Data          10  maincontrol.o(.constdata)
    default_geoc                             0x0801a88f   Data          80  maincontrol.o(.constdata)
    MTK_gpscfgstr                            0x0801a8df   Data          52  gps.o(.constdata)
    MTK_gpscfgall                            0x0801a913   Data          52  gps.o(.constdata)
    UBLOX_gpsclsvtg                          0x0801a947   Data          26  gps.o(.constdata)
    UBLOX_gpsclsgsa                          0x0801a961   Data          26  gps.o(.constdata)
    UBLOX_gpsclsgsv                          0x0801a97b   Data          26  gps.o(.constdata)
    UBLOX_gpsclsgll                          0x0801a995   Data          26  gps.o(.constdata)
    UBLOX_gpsopenvtg                         0x0801a9af   Data          26  gps.o(.constdata)
    UBLOX_gpsopengsa                         0x0801a9c9   Data          26  gps.o(.constdata)
    UBLOX_gpsopengsv                         0x0801a9e3   Data          26  gps.o(.constdata)
    UBLOX_gpsopengll                         0x0801a9fd   Data          26  gps.o(.constdata)
    UBLOX_gpssave                            0x0801aa17   Data          21  gps.o(.constdata)
    __ctype_table                            0x0801ab08   Data         129  ctype_o.o(.constdata)
    __mathlib_zero                           0x0801abc0   Data           8  qnan.o(.constdata)
    Region$$Table$$Base                      0x0801af20   Number         0  anon$$obj.o(Region$$Table)
    Region$$Table$$Limit                     0x0801af40   Number         0  anon$$obj.o(Region$$Table)
    SystemCoreClock                          0x20000000   Data           4  system_stm32l0xx.o(.data)
    Event_Main                               0x20000004   Data           4  app_task_5.o(.data)
    HS_VER                                   0x20000008   Data           4  main.o(.data)
    Task1Handle                              0x20000010   Data           4  freertos.o(.data)
    Task2Handle                              0x20000014   Data           4  freertos.o(.data)
    Task3Handle                              0x20000018   Data           4  freertos.o(.data)
    Task4Handle                              0x2000001c   Data           4  freertos.o(.data)
    Task5Handle                              0x20000020   Data           4  freertos.o(.data)
    AutoReloadTimerHandle_50mS               0x20000024   Data           4  freertos.o(.data)
    Semap_Gps                                0x20000028   Data           4  freertos.o(.data)
    Semap_PcCmd                              0x2000002c   Data           4  freertos.o(.data)
    Queue_GSM                                0x20000030   Data           4  freertos.o(.data)
    Queue_SPI                                0x20000034   Data           4  freertos.o(.data)
    EventGroupHandler_MCU                    0x20000038   Data           4  freertos.o(.data)
    EventGroupHandler_OTH                    0x2000003c   Data           4  freertos.o(.data)
    BMA250_Ang_x                             0x20000040   Data           1  bma250.o(.data)
    BMA250_Ang_z                             0x20000041   Data           1  bma250.o(.data)
    BMA250_Ang_x_buf                         0x20000042   Data           1  bma250.o(.data)
    BMA250_Ang_z_buf                         0x20000043   Data           1  bma250.o(.data)
    ECHO_F                                   0x20000044   Data           1  maincontrol.o(.data)
    Track_Time_Unit                          0x20000045   Data           1  maincontrol.o(.data)
    InValid_GPS_Count                        0x20000046   Data           1  maincontrol.o(.data)
    Bat_Val                                  0x20000047   Data           3  maincontrol.o(.data)
    Bat_Cnt                                  0x2000004a   Data           1  maincontrol.o(.data)
    cnt_1ms                                  0x2000004b   Data           8  maincontrol.o(.data)
    Tim_F                                    0x20000053   Data           1  maincontrol.o(.data)
    MCU_F                                    0x20000054   Data           4  maincontrol.o(.data)
    key_num_counter                          0x20000058   Data           1  keyscan.o(.data)
    key_num_now                              0x20000059   Data           1  keyscan.o(.data)
    key_num_buf                              0x2000005a   Data           1  keyscan.o(.data)
    key_call_cs                              0x2000005b   Data           1  keyscan.o(.data)
    USART1_RXD_Group_Cnt                     0x2000005c   Data           1  usart1.o(.data)
    USART1_RXD_Line_Cnt                      0x2000005d   Data           1  usart1.o(.data)
    Aduio_Cnt                                0x20000060   Data           4  usart1.o(.data)
    Audio_Length                             0x20000064   Data           4  usart1.o(.data)
    GSMA                                     0x20000068   Data           1  gsm.o(.data)
    GSMB                                     0x20000069   Data           1  gsm.o(.data)
    GSMC                                     0x2000006a   Data           1  gsm.o(.data)
    GSMD                                     0x2000006b   Data           1  gsm.o(.data)
    SMS                                      0x2000006c   Data           1  gsm.o(.data)
    CALL                                     0x2000006e   Data           2  gsm.o(.data)
    GPRS                                     0x20000070   Data           2  gsm.o(.data)
    _ptcmdx                                  0x20000074   Data           4  gsm.o(.data)
    gsm_rx_sta                               0x20000078   Data           2  gsm.o(.data)
    gsm_rx_req                               0x2000007a   Data           1  gsm.o(.data)
    Ring_Clip_Count                          0x2000007b   Data           1  gsm.o(.data)
    gsmerr                                   0x2000007c   Data           1  gsm.o(.data)
    network                                  0x2000007d   Data           1  gsm.o(.data)
    temperature                              0x2000007e   Data           1  gsm.o(.data)
    SMS_NUM                                  0x2000007f   Data           1  gsm.o(.data)
    wifi_rx_cnt                              0x20000080   Data           1  wifi.o(.data)
    wifi_row_cnt                             0x20000081   Data           1  wifi.o(.data)
    wifi_low_cnt                             0x20000082   Data           1  wifi.o(.data)
    GPS_F                                    0x20000084   Data           4  gps.o(.data)
    GPS_Str_Buf                              0x20000088   Data           6  gps.o(.data)
    GPS_Rx_Cnt                               0x2000008e   Data           1  gps.o(.data)
    open_gps_count                           0x2000008f   Data           1  gps.o(.data)
    gps_a_count                              0x20000090   Data           1  gps.o(.data)
    gps_v_count                              0x20000091   Data           1  gps.o(.data)
    GEOA                                     0x20000094   Data           1  geo.o(.data)
    GEOB                                     0x20000095   Data           1  geo.o(.data)
    GEOC                                     0x20000096   Data           1  geo.o(.data)
    GEOD                                     0x20000097   Data           1  geo.o(.data)
    lat_new                                  0x20000098   Data           4  geo.o(.data)
    lot_new                                  0x2000009c   Data           4  geo.o(.data)
    lat_saving                               0x200000a0   Data           4  geo.o(.data)
    lot_saving                               0x200000a4   Data           4  geo.o(.data)
    uwTick                                   0x200000a8   Data           4  stm32l0xx_hal.o(.data)
    pxCurrentTCB                             0x200000ac   Data           4  tasks.o(.data)
    __stdout                                 0x20000110   Data           4  stdout.o(.data)
    SPI_FLASH_BUF                            0x20000118   Data        4096  w25qxx.o(.bss)
    cnt_1s                                   0x20001118   Data          45  maincontrol.o(.bss)
    USART1_RXD_DATA                          0x20001145   Data         240  usart1.o(.bss)
    GSM_P                                    0x20001235   Data         176  gsm.o(.bss)
    GSM_ph                                   0x200012e5   Data         192  gsm.o(.bss)
    GSM_phname                               0x200013a5   Data         104  gsm.o(.bss)
    socalm                                   0x2000140d   Data          12  gsm.o(.bss)
    gsm_rx_buf                               0x20001419   Data         200  gsm.o(.bss)
    SMS_Phone_Number                         0x200014e1   Data          24  gsm.o(.bss)
    SMS_Phone_Number_Backup                  0x200014f9   Data          24  gsm.o(.bss)
    Ring_Phone_Number                        0x20001511   Data          20  gsm.o(.bss)
    wifi_rx_buf                              0x20001525   Data          20  wifi.o(.bss)
    wifi_mac                                 0x20001539   Data         180  wifi.o(.bss)
    WIFI                                     0x200015ed   Data          40  wifi.o(.bss)
    gpsx                                     0x20001615   Data          37  gps.o(.bss)
    gpsx_his_read                            0x2000163a   Data          37  gps.o(.bss)
    gpsx_his_write                           0x2000165f   Data          37  gps.o(.bss)
    GPS_RMC_Buf                              0x20001684   Data          80  gps.o(.bss)
    GPS_GGA_Buf                              0x200016d4   Data          80  gps.o(.bss)
    dtbuf                                    0x20001724   Data         125  gps.o(.bss)
    GEO_c                                    0x200017a1   Data          80  geo.o(.bss)
    GSM_OTA                                  0x200017f1   Data          24  ota.o(.bss)
    hrtc                                     0x2000180c   Data          36  rtc.o(.bss)
    hspi1                                    0x20001830   Data          88  spi.o(.bss)
    hlpuart1                                 0x20001888   Data         112  usart.o(.bss)
    huart1                                   0x200018f8   Data         112  usart.o(.bss)
    huart2                                   0x20001968   Data         112  usart.o(.bss)
    huart4                                   0x200019d8   Data         112  usart.o(.bss)
    hdma_usart1_rx                           0x20001a48   Data          60  usart.o(.bss)
    hiwdg                                    0x20001a84   Data          20  iwdg.o(.bss)
    xQueueRegistry                           0x20001a98   Data          64  queue.o(.bss)
    __initial_sp                             0x200049d0   Data           0  startup_stm32l071xx.o(STACK)



==============================================================================

Memory Map of the image

  Image Entry point : 0x080050c1

  Load Region LR_IROM1 (Base: 0x08005000, Size: 0x00016058, Max: 0x0001b000, ABSOLUTE)

    Execution Region ER_IROM1 (Exec base: 0x08005000, Load base: 0x08005000, Size: 0x00015f40, Max: 0x0001b000, ABSOLUTE)

    Exec Addr    Load Addr    Size         Type   Attr      Idx    E Section Name        Object

    0x08005000   0x08005000   0x000000c0   Data   RO            3    RESET               startup_stm32l071xx.o
    0x080050c0   0x080050c0   0x00000000   Code   RO         1150  * .ARM.Collect$$$$00000000  mc_p.l(entry.o)
    0x080050c0   0x080050c0   0x00000004   Code   RO         1356    .ARM.Collect$$$$00000001  mc_p.l(entry2.o)
    0x080050c4   0x080050c4   0x00000004   Code   RO         1359    .ARM.Collect$$$$00000004  mc_p.l(entry5.o)
    0x080050c8   0x080050c8   0x00000000   Code   RO         1361    .ARM.Collect$$$$00000008  mc_p.l(entry7b.o)
    0x080050c8   0x080050c8   0x00000000   Code   RO         1363    .ARM.Collect$$$$0000000A  mc_p.l(entry8b.o)
    0x080050c8   0x080050c8   0x00000008   Code   RO         1364    .ARM.Collect$$$$0000000B  mc_p.l(entry9a.o)
    0x080050d0   0x080050d0   0x00000000   Code   RO         1366    .ARM.Collect$$$$0000000D  mc_p.l(entry10a.o)
    0x080050d0   0x080050d0   0x00000000   Code   RO         1368    .ARM.Collect$$$$0000000F  mc_p.l(entry11a.o)
    0x080050d0   0x080050d0   0x00000004   Code   RO         1357    .ARM.Collect$$$$00002712  mc_p.l(entry2.o)
    0x080050d4   0x080050d4   0x00000070   Code   RO         1103    .emb_text           port.o
    0x08005144   0x08005144   0x0000001c   Code   RO            4    .text               startup_stm32l071xx.o
    0x08005160   0x08005160   0x0000002c   Code   RO         1153    .text               mc_p.l(uidiv.o)
    0x0800518c   0x0800518c   0x00000028   Code   RO         1154    .text               mc_p.l(idiv.o)
    0x080051b4   0x080051b4   0x00000060   Code   RO         1155    .text               mc_p.l(uldiv.o)
    0x08005214   0x08005214   0x00000008   Code   RO         1156    .text               mc_p.l(ctype_o.o)
    0x0800521c   0x0800521c   0x00000012   Code   RO         1168    .text               mc_p.l(isspace_o.o)
    0x0800522e   0x0800522e   0x00000024   Code   RO         1171    .text               mc_p.l(memcpya.o)
    0x08005252   0x08005252   0x00000024   Code   RO         1172    .text               mc_p.l(memseta.o)
    0x08005276   0x08005276   0x00000028   Code   RO         1173    .text               mc_p.l(strstr.o)
    0x0800529e   0x0800529e   0x00000014   Code   RO         1174    .text               mc_p.l(strchr.o)
    0x080052b2   0x080052b2   0x0000000e   Code   RO         1175    .text               mc_p.l(strlen.o)
    0x080052c0   0x080052c0   0x0000001c   Code   RO         1176    .text               mc_p.l(strcmp.o)
    0x080052dc   0x080052dc   0x0000001a   Code   RO         1177    .text               mc_p.l(memcmp.o)
    0x080052f6   0x080052f6   0x00000012   Code   RO         1178    .text               mc_p.l(strcpy.o)
    0x08005308   0x08005308   0x0000001e   Code   RO         1179    .text               mc_p.l(strncmp.o)
    0x08005326   0x08005326   0x00000002   PAD
    0x08005328   0x08005328   0x00000048   Code   RO         1180    .text               mc_p.l(strtok.o)
    0x08005370   0x08005370   0x00000014   Code   RO         1316    .text               mc_p.l(uread4.o)
    0x08005384   0x08005384   0x00000012   Code   RO         1317    .text               mc_p.l(uwrite4.o)
    0x08005396   0x08005396   0x00000002   PAD
    0x08005398   0x08005398   0x00000070   Code   RO         1318    .text               mc_p.l(strtol.o)
    0x08005408   0x08005408   0x0000001a   Code   RO         1319    .text               mc_p.l(atoi.o)
    0x08005422   0x08005422   0x000000b2   Code   RO         1320    .text               mf_p.l(fadd.o)
    0x080054d4   0x080054d4   0x0000007a   Code   RO         1321    .text               mf_p.l(fmul.o)
    0x0800554e   0x0800554e   0x0000007c   Code   RO         1322    .text               mf_p.l(fdiv.o)
    0x080055ca   0x080055ca   0x00000002   PAD
    0x080055cc   0x080055cc   0x00000164   Code   RO         1323    .text               mf_p.l(dadd.o)
    0x08005730   0x08005730   0x000000d0   Code   RO         1324    .text               mf_p.l(dmul.o)
    0x08005800   0x08005800   0x000000f0   Code   RO         1325    .text               mf_p.l(ddiv.o)
    0x080058f0   0x080058f0   0x00000016   Code   RO         1326    .text               mf_p.l(fflti.o)
    0x08005906   0x08005906   0x0000000e   Code   RO         1327    .text               mf_p.l(ffltui.o)
    0x08005914   0x08005914   0x00000028   Code   RO         1328    .text               mf_p.l(dflti.o)
    0x0800593c   0x0800593c   0x0000001c   Code   RO         1329    .text               mf_p.l(dfltul.o)
    0x08005958   0x08005958   0x00000028   Code   RO         1330    .text               mf_p.l(ffixui.o)
    0x08005980   0x08005980   0x0000003c   Code   RO         1331    .text               mf_p.l(dfixui.o)
    0x080059bc   0x080059bc   0x00000028   Code   RO         1332    .text               mf_p.l(f2d.o)
    0x080059e4   0x080059e4   0x00000038   Code   RO         1333    .text               mf_p.l(d2f.o)
    0x08005a1c   0x08005a1c   0x00000014   Code   RO         1334    .text               mf_p.l(cfcmple.o)
    0x08005a30   0x08005a30   0x00000014   Code   RO         1335    .text               mf_p.l(cfrcmple.o)
    0x08005a44   0x08005a44   0x00000020   Code   RO         1371    .text               mc_p.l(llshl.o)
    0x08005a64   0x08005a64   0x00000022   Code   RO         1372    .text               mc_p.l(llushr.o)
    0x08005a86   0x08005a86   0x00000026   Code   RO         1373    .text               mc_p.l(llsshr.o)
    0x08005aac   0x08005aac   0x000000a6   Code   RO         1378    .text               mc_p.l(_strtoul.o)
    0x08005b52   0x08005b52   0x00000002   PAD
    0x08005b54   0x08005b54   0x000000a4   Code   RO         1379    .text               mc_p.l(strtod.o)
    0x08005bf8   0x08005bf8   0x00000000   Code   RO         1380    .text               mc_p.l(iusefp.o)
    0x08005bf8   0x08005bf8   0x00000082   Code   RO         1381    .text               mf_p.l(fepilogue.o)
    0x08005c7a   0x08005c7a   0x00000058   Code   RO         1382    .text               mf_p.l(fsqrt.o)
    0x08005cd2   0x08005cd2   0x000000be   Code   RO         1383    .text               mf_p.l(depilogue.o)
    0x08005d90   0x08005d90   0x0000002c   Code   RO         1385    .text               mf_p.l(dscalb.o)
    0x08005dbc   0x08005dbc   0x000000a2   Code   RO         1386    .text               mf_p.l(dsqrt.o)
    0x08005e5e   0x08005e5e   0x00000002   PAD
    0x08005e60   0x08005e60   0x00000028   Code   RO         1389    .text               mf_p.l(cdrcmple.o)
    0x08005e88   0x08005e88   0x00000024   Code   RO         1390    .text               mc_p.l(init.o)
    0x08005eac   0x08005eac   0x0000001e   Code   RO         1392    .text               mc_p.l(_chval.o)
    0x08005eca   0x08005eca   0x00000002   PAD
    0x08005ecc   0x08005ecc   0x00000374   Code   RO         1393    .text               mc_p.l(scanf_fp.o)
    0x08006240   0x08006240   0x00000044   Code   RO         1395    .text               mc_p.l(_sgetc.o)
    0x08006284   0x08006284   0x0000001c   Code   RO         1396    .text               mf_p.l(dfltui.o)
    0x080062a0   0x080062a0   0x00000048   Code   RO         1397    .text               mf_p.l(dfixi.o)
    0x080062e8   0x080062e8   0x0000007a   Code   RO         1398    .text               mc_p.l(llmul.o)
    0x08006362   0x08006362   0x00000002   PAD
    0x08006364   0x08006364   0x0000010c   Code   RO          141    i.ATE0_Test         gsm.o
    0x08006470   0x08006470   0x00000020   Code   RO          142    i.ATH_P             gsm.o
    0x08006490   0x08006490   0x00000650   Code   RO           13    i.App_Task1         app_task_1.o
    0x08006ae0   0x08006ae0   0x00000338   Code   RO           20    i.App_Task2         app_task_2.o
    0x08006e18   0x08006e18   0x00000452   Code   RO           26    i.App_Task3         app_task_3.o
    0x0800726a   0x0800726a   0x00000002   PAD
    0x0800726c   0x0800726c   0x00000030   Code   RO           29    i.App_Task4         app_task_4.o
    0x0800729c   0x0800729c   0x00000618   Code   RO           32    i.App_Task5         app_task_5.o
    0x080078b4   0x080078b4   0x00000108   Code   RO          100    i.BM250_GET_Slop    bma250.o
    0x080079bc   0x080079bc   0x0000000e   Code   RO          101    i.BMA250_Clear_INT  bma250.o
    0x080079ca   0x080079ca   0x0000000a   Code   RO          102    i.BMA250_IS_INT     bma250.o
    0x080079d4   0x080079d4   0x0000000e   Code   RO          106    i.BMA250_Read_Register  bma250.o
    0x080079e2   0x080079e2   0x00000012   Code   RO          107    i.BMA250_Write_Register  bma250.o
    0x080079f4   0x080079f4   0x000000b8   Code   RO          108    i.BMA250_init       bma250.o
    0x08007aac   0x08007aac   0x0000001c   Code   RO          143    i.CECM_P            gsm.o
    0x08007ac8   0x08007ac8   0x00000010   Code   RO          302    i.CHK_CH            gpio.o
    0x08007ad8   0x08007ad8   0x0000004c   Code   RO          144    i.CLCC              gsm.o
    0x08007b24   0x08007b24   0x00000188   Code   RO          145    i.CLCC_P            gsm.o
    0x08007cac   0x08007cac   0x00000028   Code   RO          146    i.CMD_1_Handle      gsm.o
    0x08007cd4   0x08007cd4   0x00000028   Code   RO          147    i.CMD_2_Handle      gsm.o
    0x08007cfc   0x08007cfc   0x00000064   Code   RO          148    i.CMD_4_Handle      gsm.o
    0x08007d60   0x08007d60   0x00000060   Code   RO          149    i.CMD_5_Handle      gsm.o
    0x08007dc0   0x08007dc0   0x00000210   Code   RO          150    i.CMD_A_Handle      gsm.o
    0x08007fd0   0x08007fd0   0x0000006c   Code   RO          151    i.CMD_B_Handle      gsm.o
    0x0800803c   0x0800803c   0x00000270   Code   RO          152    i.CMD_C_Handle      gsm.o
    0x080082ac   0x080082ac   0x000000a4   Code   RO          153    i.CMD_D_Handle      gsm.o
    0x08008350   0x08008350   0x00000080   Code   RO          154    i.CMD_E_Handle      gsm.o
    0x080083d0   0x080083d0   0x0000003c   Code   RO          155    i.CMD_F_Handle      gsm.o
    0x0800840c   0x0800840c   0x0000012c   Code   RO          156    i.CMD_G_Handle      gsm.o
    0x08008538   0x08008538   0x00000098   Code   RO          157    i.CMD_H_Handle      gsm.o
    0x080085d0   0x080085d0   0x00000444   Code   RO          158    i.CMD_I_Handle      gsm.o
    0x08008a14   0x08008a14   0x00000104   Code   RO          159    i.CMD_J_Handle      gsm.o
    0x08008b18   0x08008b18   0x00000204   Code   RO          160    i.CMD_K_Handle      gsm.o
    0x08008d1c   0x08008d1c   0x00000384   Code   RO          161    i.CMD_L_Handle      gsm.o
    0x080090a0   0x080090a0   0x00000224   Code   RO          162    i.CMD_M_Handle      gsm.o
    0x080092c4   0x080092c4   0x000001ac   Code   RO          163    i.CMD_N_Handle      gsm.o
    0x08009470   0x08009470   0x000000b4   Code   RO          164    i.CMD_O_Handle      gsm.o
    0x08009524   0x08009524   0x000001d4   Code   RO          165    i.CMD_P_Handle      gsm.o
    0x080096f8   0x080096f8   0x00000344   Code   RO          166    i.CMD_Q_Handle      gsm.o
    0x08009a3c   0x08009a3c   0x00000134   Code   RO          167    i.CMD_R_Handle      gsm.o
    0x08009b70   0x08009b70   0x000003c8   Code   RO          169    i.CMD_U_Handle      gsm.o
    0x08009f38   0x08009f38   0x000001cc   Code   RO          170    i.CMD_V_Handle      gsm.o
    0x0800a104   0x0800a104   0x00000040   Code   RO          171    i.CMD_W_Handle      gsm.o
    0x0800a144   0x0800a144   0x00000090   Code   RO          172    i.CMD_Z_Handle      gsm.o
    0x0800a1d4   0x0800a1d4   0x00000058   Code   RO          174    i.CPIN_P            gsm.o
    0x0800a22c   0x0800a22c   0x00000020   Code   RO          175    i.CSDVC_P           gsm.o
    0x0800a24c   0x0800a24c   0x0000005e   Code   RO          288    i.CalculateWeekDay  rtc.o
    0x0800a2aa   0x0800a2aa   0x00000002   PAD
    0x0800a2ac   0x0800a2ac   0x00000044   Code   RO          176    i.Calling_Set_Mode  gsm.o
    0x0800a2f0   0x0800a2f0   0x000000c8   Code   RO          177    i.Callout_Phone     gsm.o
    0x0800a3b8   0x0800a3b8   0x00000022   Code   RO          178    i.Char_To_Dig       gsm.o
    0x0800a3da   0x0800a3da   0x00000016   Code   RO          180    i.Compare_command   gsm.o
    0x0800a3f0   0x0800a3f0   0x00000108   Code   RO          181    i.Compare_phone_number  gsm.o
    0x0800a4f8   0x0800a4f8   0x00000070   Code   RO           47    i.DMA1_Channel4_5_6_7_IRQHandler  stm32l0xx_it.o
    0x0800a568   0x0800a568   0x00000020   Code   RO          880    i.DMA_SetConfig     stm32l0xx_hal_dma.o
    0x0800a588   0x0800a588   0x0000007c   Code   RO           48    i.EXTI0_1_IRQHandler  stm32l0xx_it.o
    0x0800a604   0x0800a604   0x00000044   Code   RO           49    i.EXTI2_3_IRQHandler  stm32l0xx_it.o
    0x0800a648   0x0800a648   0x00000098   Code   RO           50    i.EXTI4_15_IRQHandler  stm32l0xx_it.o
    0x0800a6e0   0x0800a6e0   0x00000004   Code   RO           40    i.Error_Handler     main.o
    0x0800a6e4   0x0800a6e4   0x0000003c   Code   RO           51    i.Event_MCU_Callback  stm32l0xx_it.o
    0x0800a720   0x0800a720   0x0000003c   Code   RO           52    i.Event_OTH_Callback  stm32l0xx_it.o
    0x0800a75c   0x0800a75c   0x0000027c   Code   RO          258    i.GEO_alarm_analysis  geo.o
    0x0800a9d8   0x0800a9d8   0x000000b8   Code   RO          182    i.GPRS_APN_Connect  gsm.o
    0x0800aa90   0x0800aa90   0x00000028   Code   RO          183    i.GPRS_Cancel_Send  gsm.o
    0x0800aab8   0x0800aab8   0x00000024   Code   RO          184    i.GPRS_Check        gsm.o
    0x0800aadc   0x0800aadc   0x0000005c   Code   RO          185    i.GPRS_Check_SendOK  gsm.o
    0x0800ab38   0x0800ab38   0x00000248   Code   RO          186    i.GPRS_Connect      gsm.o
    0x0800ad80   0x0800ad80   0x00000184   Code   RO          187    i.GPRS_Data_Handle  gsm.o
    0x0800af04   0x0800af04   0x0000006c   Code   RO          188    i.GPRS_Disconnect   gsm.o
    0x0800af70   0x0800af70   0x00000014   Code   RO          303    i.GPRS_LED_Off      gpio.o
    0x0800af84   0x0800af84   0x00000014   Code   RO          304    i.GPRS_LED_On       gpio.o
    0x0800af98   0x0800af98   0x00000014   Code   RO          305    i.GPRS_LED_R        gpio.o
    0x0800afac   0x0800afac   0x0000001c   Code   RO          189    i.GPRS_Start_ChkSendok  gsm.o
    0x0800afc8   0x0800afc8   0x000000cc   Code   RO          190    i.GPRS_TCPIP_Connect  gsm.o
    0x0800b094   0x0800b094   0x000004a4   Code   RO          259    i.GPS_Alarm_Handle  geo.o
    0x0800b538   0x0800b538   0x00000030   Code   RO          306    i.GPS_Force_Off     gpio.o
    0x0800b568   0x0800b568   0x00000030   Code   RO          307    i.GPS_Force_On      gpio.o
    0x0800b598   0x0800b598   0x00000014   Code   RO          308    i.GPS_LED_Off       gpio.o
    0x0800b5ac   0x0800b5ac   0x00000014   Code   RO          309    i.GPS_LED_On        gpio.o
    0x0800b5c0   0x0800b5c0   0x00000014   Code   RO          310    i.GPS_LED_R         gpio.o
    0x0800b5d4   0x0800b5d4   0x0000014c   Code   RO          242    i.GPS_Mode_Setting  gps.o
    0x0800b720   0x0800b720   0x00000060   Code   RO          311    i.GPS_Power_Off     gpio.o
    0x0800b780   0x0800b780   0x00000018   Code   RO          312    i.GPS_Power_On      gpio.o
    0x0800b798   0x0800b798   0x00000010   Code   RO          313    i.GSMON_H           gpio.o
    0x0800b7a8   0x0800b7a8   0x00000012   Code   RO          314    i.GSMON_L           gpio.o
    0x0800b7ba   0x0800b7ba   0x00000002   PAD
    0x0800b7bc   0x0800b7bc   0x000004bc   Code   RO          191    i.GSM_AT_Send       gsm.o
    0x0800bc78   0x0800bc78   0x000001c4   Code   RO          192    i.GSM_Callin_Handle  gsm.o
    0x0800be3c   0x0800be3c   0x00000128   Code   RO          193    i.GSM_Calling_Handle  gsm.o
    0x0800bf64   0x0800bf64   0x00000014   Code   RO          315    i.GSM_LED_Off       gpio.o
    0x0800bf78   0x0800bf78   0x00000014   Code   RO          316    i.GSM_LED_On        gpio.o
    0x0800bf8c   0x0800bf8c   0x00000014   Code   RO          317    i.GSM_LED_R         gpio.o
    0x0800bfa0   0x0800bfa0   0x0000004c   Code   RO          318    i.GSM_Sleep         gpio.o
    0x0800bfec   0x0800bfec   0x00000038   Code   RO          319    i.GSM_Wakeup        gpio.o
    0x0800c024   0x0800c024   0x00000388   Code   RO          194    i.GSM_init          gsm.o
    0x0800c3ac   0x0800c3ac   0x00000070   Code   RO          195    i.Gsm_Callin_ATA    gsm.o
    0x0800c41c   0x0800c41c   0x00000030   Code   RO          196    i.Gsm_Calling_Clr_Flag  gsm.o
    0x0800c44c   0x0800c44c   0x00000670   Code   RO          197    i.Gsm_Get_Parameters  gsm.o
    0x0800cabc   0x0800cabc   0x00000064   Code   RO          881    i.HAL_DMA_Abort     stm32l0xx_hal_dma.o
    0x0800cb20   0x0800cb20   0x0000021c   Code   RO          885    i.HAL_DMA_IRQHandler  stm32l0xx_hal_dma.o
    0x0800cd3c   0x0800cd3c   0x00000190   Code   RO          886    i.HAL_DMA_Init      stm32l0xx_hal_dma.o
    0x0800cecc   0x0800cecc   0x00000066   Code   RO          889    i.HAL_DMA_Start_IT  stm32l0xx_hal_dma.o
    0x0800cf32   0x0800cf32   0x00000002   PAD
    0x0800cf34   0x0800cf34   0x000001f8   Code   RO          460    i.HAL_GPIO_Init     stm32l0xx_hal_gpio.o
    0x0800d12c   0x0800d12c   0x00000012   Code   RO          462    i.HAL_GPIO_ReadPin  stm32l0xx_hal_gpio.o
    0x0800d13e   0x0800d13e   0x00000008   Code   RO          463    i.HAL_GPIO_TogglePin  stm32l0xx_hal_gpio.o
    0x0800d146   0x0800d146   0x0000000c   Code   RO          464    i.HAL_GPIO_WritePin  stm32l0xx_hal_gpio.o
    0x0800d152   0x0800d152   0x00000002   PAD
    0x0800d154   0x0800d154   0x0000000c   Code   RO          928    i.HAL_GetTick       stm32l0xx_hal.o
    0x0800d160   0x0800d160   0x000000b0   Code   RO          909    i.HAL_IWDG_Init     stm32l0xx_hal_iwdg.o
    0x0800d210   0x0800d210   0x00000002   Code   RO          910    i.HAL_IWDG_MspInit  stm32l0xx_hal_iwdg.o
    0x0800d212   0x0800d212   0x00000002   PAD
    0x0800d214   0x0800d214   0x0000006c   Code   RO          911    i.HAL_IWDG_Refresh  stm32l0xx_hal_iwdg.o
    0x0800d280   0x0800d280   0x00000080   Code   RO          912    i.HAL_IWDG_Start    stm32l0xx_hal_iwdg.o
    0x0800d300   0x0800d300   0x00000010   Code   RO          929    i.HAL_IncTick       stm32l0xx_hal.o
    0x0800d310   0x0800d310   0x00000020   Code   RO          930    i.HAL_Init          stm32l0xx_hal.o
    0x0800d330   0x0800d330   0x00000028   Code   RO          931    i.HAL_InitTick      stm32l0xx_hal.o
    0x0800d358   0x0800d358   0x00000034   Code   RO          346    i.HAL_MspInit       stm32l0xx_hal_msp.o
    0x0800d38c   0x0800d38c   0x00000018   Code   RO          894    i.HAL_NVIC_DisableIRQ  stm32l0xx_hal_cortex.o
    0x0800d3a4   0x0800d3a4   0x00000018   Code   RO          895    i.HAL_NVIC_EnableIRQ  stm32l0xx_hal_cortex.o
    0x0800d3bc   0x0800d3bc   0x00000012   Code   RO          899    i.HAL_NVIC_SetPriority  stm32l0xx_hal_cortex.o
    0x0800d3ce   0x0800d3ce   0x00000002   PAD
    0x0800d3d0   0x0800d3d0   0x0000003c   Code   RO          541    i.HAL_PWR_EnterSLEEPMode  stm32l0xx_hal_pwr.o
    0x0800d40c   0x0800d40c   0x00000224   Code   RO          428    i.HAL_RCCEx_PeriphCLKConfig  stm32l0xx_hal_rcc_ex.o
    0x0800d630   0x0800d630   0x000001f8   Code   RO          443    i.HAL_RCC_ClockConfig  stm32l0xx_hal_rcc.o
    0x0800d828   0x0800d828   0x0000000c   Code   RO          447    i.HAL_RCC_GetHCLKFreq  stm32l0xx_hal_rcc.o
    0x0800d834   0x0800d834   0x00000024   Code   RO          449    i.HAL_RCC_GetPCLK1Freq  stm32l0xx_hal_rcc.o
    0x0800d858   0x0800d858   0x00000024   Code   RO          450    i.HAL_RCC_GetPCLK2Freq  stm32l0xx_hal_rcc.o
    0x0800d87c   0x0800d87c   0x000000ec   Code   RO          451    i.HAL_RCC_GetSysClockFreq  stm32l0xx_hal_rcc.o
    0x0800d968   0x0800d968   0x00000600   Code   RO          454    i.HAL_RCC_OscConfig  stm32l0xx_hal_rcc.o
    0x0800df68   0x0800df68   0x000000c8   Code   RO          365    i.HAL_RTC_Init      stm32l0xx_hal_rtc.o
    0x0800e030   0x0800e030   0x00000034   Code   RO          290    i.HAL_RTC_MspInit   rtc.o
    0x0800e064   0x0800e064   0x00000130   Code   RO          371    i.HAL_RTC_SetDate   stm32l0xx_hal_rtc.o
    0x0800e194   0x0800e194   0x00000154   Code   RO          372    i.HAL_RTC_SetTime   stm32l0xx_hal_rtc.o
    0x0800e2e8   0x0800e2e8   0x0000003c   Code   RO          373    i.HAL_RTC_WaitForSynchro  stm32l0xx_hal_rtc.o
    0x0800e324   0x0800e324   0x0000008e   Code   RO          808    i.HAL_SPI_Init      stm32l0xx_hal_spi.o
    0x0800e3b2   0x0800e3b2   0x00000002   PAD
    0x0800e3b4   0x0800e3b4   0x00000060   Code   RO          297    i.HAL_SPI_MspInit   spi.o
    0x0800e414   0x0800e414   0x0000037e   Code   RO          817    i.HAL_SPI_TransmitReceive  stm32l0xx_hal_spi.o
    0x0800e792   0x0800e792   0x00000002   PAD
    0x0800e794   0x0800e794   0x00000024   Code   RO          901    i.HAL_SYSTICK_CLKSourceConfig  stm32l0xx_hal_cortex.o
    0x0800e7b8   0x0800e7b8   0x00000038   Code   RO          903    i.HAL_SYSTICK_Config  stm32l0xx_hal_cortex.o
    0x0800e7f0   0x0800e7f0   0x00000040   Code   RO          435    i.HAL_UARTEx_EnableClockStopMode  stm32l0xx_hal_uart_ex.o
    0x0800e830   0x0800e830   0x0000003e   Code   RO          436    i.HAL_UARTEx_EnableStopMode  stm32l0xx_hal_uart_ex.o
    0x0800e86e   0x0800e86e   0x0000008a   Code   RO          437    i.HAL_UARTEx_StopModeWakeUpSourceConfig  stm32l0xx_hal_uart_ex.o
    0x0800e8f8   0x0800e8f8   0x0000004e   Code   RO          612    i.HAL_UART_DMAPause  stm32l0xx_hal_uart.o
    0x0800e946   0x0800e946   0x00000056   Code   RO          613    i.HAL_UART_DMAResume  stm32l0xx_hal_uart.o
    0x0800e99c   0x0800e99c   0x00000042   Code   RO          614    i.HAL_UART_DMAStop  stm32l0xx_hal_uart.o
    0x0800e9de   0x0800e9de   0x00000002   Code   RO          616    i.HAL_UART_ErrorCallback  stm32l0xx_hal_uart.o
    0x0800e9e0   0x0800e9e0   0x0000007c   Code   RO          620    i.HAL_UART_Init     stm32l0xx_hal_uart.o
    0x0800ea5c   0x0800ea5c   0x00000158   Code   RO          333    i.HAL_UART_MspInit  usart.o
    0x0800ebb4   0x0800ebb4   0x00000094   Code   RO          624    i.HAL_UART_Receive_DMA  stm32l0xx_hal_uart.o
    0x0800ec48   0x0800ec48   0x00000002   Code   RO          626    i.HAL_UART_RxCpltCallback  stm32l0xx_hal_uart.o
    0x0800ec4a   0x0800ec4a   0x00000002   Code   RO          627    i.HAL_UART_RxHalfCpltCallback  stm32l0xx_hal_uart.o
    0x0800ec4c   0x0800ec4c   0x000000c6   Code   RO          628    i.HAL_UART_Transmit  stm32l0xx_hal_uart.o
    0x0800ed12   0x0800ed12   0x00000002   PAD
    0x0800ed14   0x0800ed14   0x00000020   Code   RO           53    i.HardFault_Handler  stm32l0xx_it.o
    0x0800ed34   0x0800ed34   0x00000024   Code   RO          267    i.Http_Disconnect   ota.o
    0x0800ed58   0x0800ed58   0x000002b4   Code   RO          268    i.Http_DownLoad     ota.o
    0x0800f00c   0x0800f00c   0x0000003c   Code   RO          269    i.Http_Init         ota.o
    0x0800f048   0x0800f048   0x0000000e   Code   RO          279    i.IIC_DELAY         iic.o
    0x0800f056   0x0800f056   0x00000002   PAD
    0x0800f058   0x0800f058   0x0000005c   Code   RO          280    i.IIC_READ          iic.o
    0x0800f0b4   0x0800f0b4   0x00000030   Code   RO          281    i.IIC_READ_REGISTER  iic.o
    0x0800f0e4   0x0800f0e4   0x00000038   Code   RO          282    i.IIC_START         iic.o
    0x0800f11c   0x0800f11c   0x00000044   Code   RO          283    i.IIC_STOP          iic.o
    0x0800f160   0x0800f160   0x000000a0   Code   RO          284    i.IIC_WRITE         iic.o
    0x0800f200   0x0800f200   0x00000024   Code   RO          285    i.IIC_WRITE_REGISTER  iic.o
    0x0800f224   0x0800f224   0x00000028   Code   RO          198    i.Isdigit           gsm.o
    0x0800f24c   0x0800f24c   0x0000001c   Code   RO          125    i.KEY_CALL1_READ    keyscan.o
    0x0800f268   0x0800f268   0x0000001c   Code   RO          126    i.KEY_CALL2_READ    keyscan.o
    0x0800f284   0x0800f284   0x0000001c   Code   RO          127    i.KEY_CHKPWR_READ   keyscan.o
    0x0800f2a0   0x0800f2a0   0x0000001c   Code   RO          128    i.KEY_SOS_READ      keyscan.o
    0x0800f2bc   0x0800f2bc   0x0000083c   Code   RO           54    i.LPUART1_IRQHandler  stm32l0xx_it.o
    0x0800faf8   0x0800faf8   0x0000002c   Code   RO          109    i.LSB_MSB_TO_ACCEL  bma250.o
    0x0800fb24   0x0800fb24   0x00000020   Code   RO          113    i.LUSART1_SendData  maincontrol.o
    0x0800fb44   0x0800fb44   0x00000344   Code   RO           36    i.Led_callback      app_task_timer.o
    0x0800fe88   0x0800fe88   0x000001a4   Code   RO           68    i.MX_FREERTOS_Init  freertos.o
    0x0801002c   0x0801002c   0x00000290   Code   RO          320    i.MX_GPIO_Init      gpio.o
    0x080102bc   0x080102bc   0x00000030   Code   RO          342    i.MX_IWDG_Init      iwdg.o
    0x080102ec   0x080102ec   0x00000060   Code   RO          334    i.MX_LPUART1_UART_Init  usart.o
    0x0801034c   0x0801034c   0x00000038   Code   RO          291    i.MX_RTC_Init       rtc.o
    0x08010384   0x08010384   0x00000048   Code   RO          298    i.MX_SPI1_Init      spi.o
    0x080103cc   0x080103cc   0x00000080   Code   RO          335    i.MX_UART1_DMA_Init  usart.o
    0x0801044c   0x0801044c   0x00000044   Code   RO          336    i.MX_USART1_UART_Init  usart.o
    0x08010490   0x08010490   0x00000044   Code   RO          337    i.MX_USART2_UART_Init  usart.o
    0x080104d4   0x080104d4   0x00000044   Code   RO          338    i.MX_USART4_UART_Init  usart.o
    0x08010518   0x08010518   0x00000020   Code   RO          200    i.NETOPEN_P         gsm.o
    0x08010538   0x08010538   0x00000032   Code   RO          243    i.NMEA_Comma_Pos    gps.o
    0x0801056a   0x0801056a   0x00000002   PAD
    0x0801056c   0x0801056c   0x000000c0   Code   RO          244    i.NMEA_GPGGA_Analysis  gps.o
    0x0801062c   0x0801062c   0x000004e0   Code   RO          245    i.NMEA_GPRMC_Analysis  gps.o
    0x08010b0c   0x08010b0c   0x0000001a   Code   RO          246    i.NMEA_Pow          gps.o
    0x08010b26   0x08010b26   0x00000100   Code   RO          247    i.NMEA_Str2num      gps.o
    0x08010c26   0x08010c26   0x00000002   PAD
    0x08010c28   0x08010c28   0x00000018   Code   RO           55    i.NMI_Handler       stm32l0xx_it.o
    0x08010c40   0x08010c40   0x00000014   Code   RO          270    i.NVIC_DisableIRQ   ota.o
    0x08010c54   0x08010c54   0x00000078   Code   RO          905    i.NVIC_SetPriority  stm32l0xx_hal_cortex.o
    0x08010ccc   0x08010ccc   0x00000034   Code   RO           56    i.NVIC_SystemReset  stm32l0xx_it.o
    0x08010d00   0x08010d00   0x0000017c   Code   RO          248    i.New_GPS_Handle    gps.o
    0x08010e7c   0x08010e7c   0x00000070   Code   RO          249    i.New_GPS_Receive   gps.o
    0x08010eec   0x08010eec   0x00000128   Code   RO          201    i.New_SMS_Handle    gsm.o
    0x08011014   0x08011014   0x00000070   Code   RO          271    i.OTA               ota.o
    0x08011084   0x08011084   0x00000038   Code   RO          272    i.OTA_Connect       ota.o
    0x080110bc   0x080110bc   0x000000f8   Code   RO          273    i.OTA_Store         ota.o
    0x080111b4   0x080111b4   0x00000048   Code   RO           64    i.PC_Cmd_Check      cmdhandle.o
    0x080111fc   0x080111fc   0x00000ae4   Code   RO           65    i.PC_Cmd_Handle     cmdhandle.o
    0x08011ce0   0x08011ce0   0x00000012   Code   RO           75    i.PWM_AUDIO_L       wm8960.o
    0x08011cf2   0x08011cf2   0x00000010   Code   RO           76    i.PWM_AUDIO_R       wm8960.o
    0x08011d02   0x08011d02   0x00000002   PAD
    0x08011d04   0x08011d04   0x00000010   Code   RO          321    i.PWRkey_chk        gpio.o
    0x08011d14   0x08011d14   0x0000001a   Code   RO          374    i.RTC_Bcd2ToByte    stm32l0xx_hal_rtc.o
    0x08011d2e   0x08011d2e   0x0000001a   Code   RO          375    i.RTC_ByteToBcd2    stm32l0xx_hal_rtc.o
    0x08011d48   0x08011d48   0x00000042   Code   RO          376    i.RTC_EnterInitMode  stm32l0xx_hal_rtc.o
    0x08011d8a   0x08011d8a   0x00000002   PAD
    0x08011d8c   0x08011d8c   0x00000070   Code   RO          292    i.RTC_Write_Year_Time  rtc.o
    0x08011dfc   0x08011dfc   0x000001dc   Code   RO          114    i.Read_Flash_Para   maincontrol.o
    0x08011fd8   0x08011fd8   0x00000520   Code   RO          250    i.Read_GPS_data     gps.o
    0x080124f8   0x080124f8   0x000000e4   Code   RO          202    i.Read_sms_content  gsm.o
    0x080125dc   0x080125dc   0x000000a8   Code   RO          274    i.Readly_For_OTA    ota.o
    0x08012684   0x08012684   0x00000108   Code   RO          203    i.SOS_BMA_F_GPS_Start  gsm.o
    0x0801278c   0x0801278c   0x00000234   Code   RO          204    i.SOS_BMA_Handle    gsm.o
    0x080129c0   0x080129c0   0x00000118   Code   RO          205    i.SOS_BMA_Send_AlmMsg_And_Callout  gsm.o
    0x08012ad8   0x08012ad8   0x0000003c   Code   RO           77    i.SOUND_BI          wm8960.o
    0x08012b14   0x08012b14   0x00000022   Code   RO           83    i.SPI_FLASH_Write_Enable  w25qxx.o
    0x08012b36   0x08012b36   0x00000048   Code   RO           86    i.SPI_Flash_Erase_Sector  w25qxx.o
    0x08012b7e   0x08012b7e   0x00000002   PAD
    0x08012b80   0x08012b80   0x00000054   Code   RO           87    i.SPI_Flash_Read    w25qxx.o
    0x08012bd4   0x08012bd4   0x0000004a   Code   RO           88    i.SPI_Flash_ReadID  w25qxx.o
    0x08012c1e   0x08012c1e   0x0000002e   Code   RO           89    i.SPI_Flash_ReadSR  w25qxx.o
    0x08012c4c   0x08012c4c   0x00000044   Code   RO           90    i.SPI_Flash_Sleep   w25qxx.o
    0x08012c90   0x08012c90   0x00000012   Code   RO           91    i.SPI_Flash_Wait_Busy  w25qxx.o
    0x08012ca2   0x08012ca2   0x00000002   PAD
    0x08012ca4   0x08012ca4   0x00000050   Code   RO           92    i.SPI_Flash_Wakeup  w25qxx.o
    0x08012cf4   0x08012cf4   0x000000c0   Code   RO           93    i.SPI_Flash_Write   w25qxx.o
    0x08012db4   0x08012db4   0x00000044   Code   RO           94    i.SPI_Flash_Write_NoCheck  w25qxx.o
    0x08012df8   0x08012df8   0x0000005c   Code   RO           95    i.SPI_Flash_Write_Page  w25qxx.o
    0x08012e54   0x08012e54   0x00000118   Code   RO          838    i.SPI_WaitOnFlagUntilTimeout  stm32l0xx_hal_spi.o
    0x08012f6c   0x08012f6c   0x00000020   Code   RO           96    i.SPIx_ReadWriteByte  w25qxx.o
    0x08012f8c   0x08012f8c   0x00000002   Code   RO         1104    i.SVC_Handler       port.o
    0x08012f8e   0x08012f8e   0x00000002   PAD
    0x08012f90   0x08012f90   0x00000154   Code   RO          206    i.Send_Msg_To_Phone  gsm.o
    0x080130e4   0x080130e4   0x00000b4c   Code   RO          207    i.Send_Msg_To_Platform  gsm.o
    0x08013c30   0x08013c30   0x00000164   Code   RO          208    i.Set_Track_Time    gsm.o
    0x08013d94   0x08013d94   0x00000012   Code   RO           78    i.Speak_Amp_Off     wm8960.o
    0x08013da6   0x08013da6   0x00000010   Code   RO           79    i.Speak_Amp_On      wm8960.o
    0x08013db6   0x08013db6   0x00000002   PAD
    0x08013db8   0x08013db8   0x0000004c   Code   RO          209    i.Spk_Vol_Turn      gsm.o
    0x08013e04   0x08013e04   0x0000000c   Code   RO           57    i.SysTick_Handler   stm32l0xx_it.o
    0x08013e10   0x08013e10   0x000000dc   Code   RO           41    i.SystemClock_Config  main.o
    0x08013eec   0x08013eec   0x0000006c   Code   RO            8    i.SystemInit        system_stm32l0xx.o
    0x08013f58   0x08013f58   0x00000038   Code   RO           21    i.Task_AT_GSM       app_task_2.o
    0x08013f90   0x08013f90   0x00000048   Code   RO           22    i.Task_AT_GSM_Callback  app_task_2.o
    0x08013fd8   0x08013fd8   0x00000038   Code   RO           23    i.Task_AT_GSM_Front  app_task_2.o
    0x08014010   0x08014010   0x0000002c   Code   RO           14    i.Task_SPI_Flash    app_task_1.o
    0x0801403c   0x0801403c   0x00000044   Code   RO           15    i.Task_SPI_Flash_Callback  app_task_1.o
    0x08014080   0x08014080   0x000000f0   Code   RO          633    i.UART_AdvFeatureConfig  stm32l0xx_hal_uart.o
    0x08014170   0x08014170   0x00000064   Code   RO          634    i.UART_CheckIdleState  stm32l0xx_hal_uart.o
    0x080141d4   0x080141d4   0x0000002a   Code   RO          635    i.UART_DMAError     stm32l0xx_hal_uart.o
    0x080141fe   0x080141fe   0x00000032   Code   RO          636    i.UART_DMAReceiveCplt  stm32l0xx_hal_uart.o
    0x08014230   0x08014230   0x0000000e   Code   RO          637    i.UART_DMARxHalfCplt  stm32l0xx_hal_uart.o
    0x0801423e   0x0801423e   0x00000002   PAD
    0x08014240   0x08014240   0x000004d0   Code   RO          642    i.UART_SetConfig    stm32l0xx_hal_uart.o
    0x08014710   0x08014710   0x00000108   Code   RO          644    i.UART_WaitOnFlagUntilTimeout  stm32l0xx_hal_uart.o
    0x08014818   0x08014818   0x00000036   Code   RO          439    i.UART_Wakeup_AddressConfig  stm32l0xx_hal_uart_ex.o
    0x0801484e   0x0801484e   0x00000002   PAD
    0x08014850   0x08014850   0x00000168   Code   RO          135    i.USART1_DatHandle  usart1.o
    0x080149b8   0x080149b8   0x000000b8   Code   RO           58    i.USART1_IRQHandler  stm32l0xx_it.o
    0x08014a70   0x08014a70   0x00000020   Code   RO          115    i.USART1_SendData   maincontrol.o
    0x08014a90   0x08014a90   0x00000268   Code   RO           59    i.USART2_IRQHandler  stm32l0xx_it.o
    0x08014cf8   0x08014cf8   0x00000020   Code   RO          116    i.USART2_SendData   maincontrol.o
    0x08014d18   0x08014d18   0x00000248   Code   RO           60    i.USART4_5_IRQHandler  stm32l0xx_it.o
    0x08014f60   0x08014f60   0x00000020   Code   RO          117    i.USART4_SendData   maincontrol.o
    0x08014f80   0x08014f80   0x000000a0   Code   RO          136    i.USART_Update      usart1.o
    0x08015020   0x08015020   0x00000014   Code   RO          322    i.USBinsert_chk     gpio.o
    0x08015034   0x08015034   0x000000fc   Code   RO          210    i.UTC               gsm.o
    0x08015130   0x08015130   0x000001e8   Code   RO          251    i.UTC_RTC           gps.o
    0x08015318   0x08015318   0x0000006c   Code   RO          227    i.WIFI_AT_Send      wifi.o
    0x08015384   0x08015384   0x0000004c   Code   RO          230    i.WIFI_Msg_Cmp      wifi.o
    0x080153d0   0x080153d0   0x00000014   Code   RO          233    i.WIFI_off          wifi.o
    0x080153e4   0x080153e4   0x0000001c   Code   RO          234    i.WIFI_on           wifi.o
    0x08015400   0x08015400   0x00000014   Code   RO          323    i.WORK_LED_Off      gpio.o
    0x08015414   0x08015414   0x00000014   Code   RO          324    i.WORK_LED_On       gpio.o
    0x08015428   0x08015428   0x00000014   Code   RO          325    i.WORK_LED_R        gpio.o
    0x0801543c   0x0801543c   0x00000188   Code   RO          235    i.Wifi_Check_mac    wifi.o
    0x080155c4   0x080155c4   0x00000014   Code   RO          326    i.ZDMD_ON           gpio.o
    0x080155d8   0x080155d8   0x00000020   Code   RO         1289    i.__0printf$8       mc_p.l(printf8.o)
    0x080155f8   0x080155f8   0x00000034   Code   RO         1290    i.__0snprintf$8     mc_p.l(printf8.o)
    0x0801562c   0x0801562c   0x00000028   Code   RO         1291    i.__0sprintf$8      mc_p.l(printf8.o)
    0x08015654   0x08015654   0x0000002e   Code   RO         1384    i.__ARM_clz         mf_p.l(depilogue.o)
    0x08015682   0x08015682   0x00000032   Code   RO         1351    i.__ARM_common_ll_muluu  m_ps.l(rred.o)
    0x080156b4   0x080156b4   0x0000001c   Code   RO           17    i.__ARM_common_switch8  app_task_1.o
    0x080156d0   0x080156d0   0x0000002c   Code   RO         1345    i.__ARM_fpclassify  m_ps.l(fpclassify.o)
    0x080156fc   0x080156fc   0x00000008   Code   RO         1374    i.__aeabi_errno_addr  mc_p.l(errno.o)
    0x08015704   0x08015704   0x0000039c   Code   RO         1348    i.__ieee754_rem_pio2  m_ps.l(rred.o)
    0x08015aa0   0x08015aa0   0x000000f4   Code   RO         1336    i.__kernel_cos      m_ps.l(cos_i.o)
    0x08015b94   0x08015b94   0x000000ac   Code   RO         1346    i.__kernel_poly     m_ps.l(poly.o)
    0x08015c40   0x08015c40   0x000000ec   Code   RO         1352    i.__kernel_sin      m_ps.l(sin_i.o)
    0x08015d2c   0x08015d2c   0x00000014   Code   RO         1338    i.__mathlib_dbl_divzero  m_ps.l(dunder.o)
    0x08015d40   0x08015d40   0x0000000a   Code   RO         1339    i.__mathlib_dbl_infnan  m_ps.l(dunder.o)
    0x08015d4a   0x08015d4a   0x00000008   Code   RO         1340    i.__mathlib_dbl_infnan2  m_ps.l(dunder.o)
    0x08015d52   0x08015d52   0x00000010   Code   RO         1341    i.__mathlib_dbl_invalid  m_ps.l(dunder.o)
    0x08015d62   0x08015d62   0x00000002   PAD
    0x08015d64   0x08015d64   0x00000014   Code   RO         1342    i.__mathlib_dbl_overflow  m_ps.l(dunder.o)
    0x08015d78   0x08015d78   0x00000014   Code   RO         1344    i.__mathlib_dbl_underflow  m_ps.l(dunder.o)
    0x08015d8c   0x08015d8c   0x0000000c   Code   RO         1375    i.__read_errno      mc_p.l(errno.o)
    0x08015d98   0x08015d98   0x0000000e   Code   RO         1403    i.__scatterload_copy  mc_p.l(handlers.o)
    0x08015da6   0x08015da6   0x00000002   Code   RO         1404    i.__scatterload_null  mc_p.l(handlers.o)
    0x08015da8   0x08015da8   0x0000000e   Code   RO         1405    i.__scatterload_zeroinit  mc_p.l(handlers.o)
    0x08015db6   0x08015db6   0x00000002   PAD
    0x08015db8   0x08015db8   0x0000000c   Code   RO         1376    i.__set_errno       mc_p.l(errno.o)
    0x08015dc4   0x08015dc4   0x0000000e   Code   RO         1394    i._is_digit         mc_p.l(scanf_fp.o)
    0x08015dd2   0x08015dd2   0x00000002   PAD
    0x08015dd4   0x08015dd4   0x00000428   Code   RO         1296    i._printf_core      mc_p.l(printf8.o)
    0x080161fc   0x080161fc   0x00000020   Code   RO         1297    i._printf_post_padding  mc_p.l(printf8.o)
    0x0801621c   0x0801621c   0x0000002c   Code   RO         1298    i._printf_pre_padding  mc_p.l(printf8.o)
    0x08016248   0x08016248   0x00000016   Code   RO         1299    i._snputc           mc_p.l(printf8.o)
    0x0801625e   0x0801625e   0x0000000a   Code   RO         1300    i._sputc            mc_p.l(printf8.o)
    0x08016268   0x08016268   0x00000268   Code   RO         1125    i.acos              m_ps.l(acos.o)
    0x080164d0   0x080164d0   0x0000014c   Code   RO          211    i.analysis_sms_content  gsm.o
    0x0801661c   0x0801661c   0x00000964   Code   RO           37    i.app_timer_50ms_callback  app_task_timer.o
    0x08016f80   0x08016f80   0x0000002a   Code   RO         1131    i.atof              m_ps.l(atof.o)
    0x08016faa   0x08016faa   0x00000002   PAD
    0x08016fac   0x08016fac   0x00000038   Code   RO          212    i.clr_gsm_buf       gsm.o
    0x08016fe4   0x08016fe4   0x0000002c   Code   RO          236    i.clr_wifi_buf      wifi.o
    0x08017010   0x08017010   0x00000044   Code   RO          213    i.cmgd_p            gsm.o
    0x08017054   0x08017054   0x00000098   Code   RO         1133    i.cos               m_ps.l(cos.o)
    0x080170ec   0x080170ec   0x00000134   Code   RO          260    i.dms_to_d          geo.o
    0x08017220   0x08017220   0x0000001c   Code   RO          214    i.find_str          gsm.o
    0x0801723c   0x0801723c   0x00000010   Code   RO          118    i.fputc             maincontrol.o
    0x0801724c   0x0801724c   0x000000cc   Code   RO          261    i.get_length        geo.o
    0x08017318   0x08017318   0x00000012   Code   RO         1052    i.inHandlerMode     cmsis_os.o
    0x0801732a   0x0801732a   0x00000002   PAD
    0x0801732c   0x0801732c   0x0000017c   Code   RO          119    i.initialize_all    maincontrol.o
    0x080174a8   0x080174a8   0x00000036   Code   RO          129    i.key_num           keyscan.o
    0x080174de   0x080174de   0x00000002   PAD
    0x080174e0   0x080174e0   0x000001f8   Code   RO          130    i.key_scan          keyscan.o
    0x080176d8   0x080176d8   0x0000002c   Code   RO          131    i.key_scan_End      keyscan.o
    0x08017704   0x08017704   0x00000060   Code   RO           42    i.main              main.o
    0x08017764   0x08017764   0x0000000e   Code   RO         1054    i.makeFreeRtosPriority  cmsis_os.o
    0x08017772   0x08017772   0x00000002   PAD
    0x08017774   0x08017774   0x00000014   Code   RO          327    i.motor_off         gpio.o
    0x08017788   0x08017788   0x00000014   Code   RO          328    i.motor_on          gpio.o
    0x0801779c   0x0801779c   0x0000000a   Code   RO         1058    i.osKernelStart     cmsis_os.o
    0x080177a6   0x080177a6   0x00000002   PAD
    0x080177a8   0x080177a8   0x00000070   Code   RO         1084    i.osSemaphoreWait   cmsis_os.o
    0x08017818   0x08017818   0x00000010   Code   RO         1087    i.osSystickHandler  cmsis_os.o
    0x08017828   0x08017828   0x0000003a   Code   RO         1088    i.osThreadCreate    cmsis_os.o
    0x08017862   0x08017862   0x00000002   PAD
    0x08017864   0x08017864   0x00000028   Code   RO         1099    i.osTimerCreate     cmsis_os.o
    0x0801788c   0x0801788c   0x00000064   Code   RO         1101    i.osTimerStart      cmsis_os.o
    0x080178f0   0x080178f0   0x00000188   Code   RO          215    i.play_audio        gsm.o
    0x08017a78   0x08017a78   0x000009fc   Code   RO         1137    i.pow               m_ps.l(pow.o)
    0x08018474   0x08018474   0x00000050   Code   RO          329    i.power_off         gpio.o
    0x080184c4   0x080184c4   0x00000054   Code   RO          985    i.prvAddCurrentTaskToDelayedList  tasks.o
    0x08018518   0x08018518   0x00000046   Code   RO          986    i.prvAllocateTCBAndStack  tasks.o
    0x0801855e   0x0801855e   0x00000002   PAD
    0x08018560   0x08018560   0x00000078   Code   RO         1031    i.prvCheckForValidListAndQueue  timers.o
    0x080185d8   0x080185d8   0x00000002   Code   RO          987    i.prvCheckTasksWaitingTermination  tasks.o
    0x080185da   0x080185da   0x0000002c   Code   RO          959    i.prvCopyDataFromQueue  queue.o
    0x08018606   0x08018606   0x00000070   Code   RO          960    i.prvCopyDataToQueue  queue.o
    0x08018676   0x08018676   0x00000002   PAD
    0x08018678   0x08018678   0x0000002c   Code   RO         1032    i.prvGetNextExpireTime  timers.o
    0x080186a4   0x080186a4   0x0000007c   Code   RO         1115    i.prvHeapInit       heap_4.o
    0x08018720   0x08018720   0x0000001c   Code   RO          988    i.prvIdleTask       tasks.o
    0x0801873c   0x0801873c   0x00000050   Code   RO          989    i.prvInitialiseTCBVariables  tasks.o
    0x0801878c   0x0801878c   0x0000005c   Code   RO          990    i.prvInitialiseTaskLists  tasks.o
    0x080187e8   0x080187e8   0x00000068   Code   RO         1116    i.prvInsertBlockIntoFreeList  heap_4.o
    0x08018850   0x08018850   0x00000054   Code   RO         1033    i.prvInsertTimerInActiveList  timers.o
    0x080188a4   0x080188a4   0x0000001c   Code   RO          961    i.prvIsQueueEmpty   queue.o
    0x080188c0   0x080188c0   0x0000001e   Code   RO          962    i.prvIsQueueFull    queue.o
    0x080188de   0x080188de   0x00000002   PAD
    0x080188e0   0x080188e0   0x00000058   Code   RO         1034    i.prvProcessExpiredTimer  timers.o
    0x08018938   0x08018938   0x00000100   Code   RO         1035    i.prvProcessReceivedCommands  timers.o
    0x08018a38   0x08018a38   0x0000006c   Code   RO         1036    i.prvProcessTimerOrBlockTask  timers.o
    0x08018aa4   0x08018aa4   0x00000038   Code   RO          992    i.prvResetNextTaskUnblockTime  tasks.o
    0x08018adc   0x08018adc   0x0000002c   Code   RO         1037    i.prvSampleTimeNow  timers.o
    0x08018b08   0x08018b08   0x00000024   Code   RO         1105    i.prvSetupTimerInterrupt  port.o
    0x08018b2c   0x08018b2c   0x00000090   Code   RO         1038    i.prvSwitchTimerLists  timers.o
    0x08018bbc   0x08018bbc   0x00000024   Code   RO         1106    i.prvTaskExitError  port.o
    0x08018be0   0x08018be0   0x00000022   Code   RO          941    i.prvTestWaitCondition  event_groups.o
    0x08018c02   0x08018c02   0x0000001a   Code   RO         1039    i.prvTimerTask      timers.o
    0x08018c1c   0x08018c1c   0x0000008a   Code   RO          963    i.prvUnlockQueue    queue.o
    0x08018ca6   0x08018ca6   0x00000002   PAD
    0x08018ca8   0x08018ca8   0x0000011c   Code   RO         1117    i.pvPortMalloc      heap_4.o
    0x08018dc4   0x08018dc4   0x00000020   Code   RO         1107    i.pxPortInitialiseStack  port.o
    0x08018de4   0x08018de4   0x00000180   Code   RO          262    i.send_alarm        geo.o
    0x08018f64   0x08018f64   0x00000054   Code   RO          216    i.send_info         gsm.o
    0x08018fb8   0x08018fb8   0x0000006c   Code   RO          217    i.send_phone_number  gsm.o
    0x08019024   0x08019024   0x00000060   Code   RO          218    i.send_str_to_gsm   gsm.o
    0x08019084   0x08019084   0x0000004c   Code   RO          237    i.send_str_to_wifi  wifi.o
    0x080190d0   0x080190d0   0x00000084   Code   RO          219    i.spk_mic           gsm.o
    0x08019154   0x08019154   0x00000048   Code   RO         1143    i.sqrt              m_ps.l(sqrt.o)
    0x0801919c   0x0801919c   0x0000002c   Code   RO         1147    i.sqrtf             m_ps.l(sqrtf.o)
    0x080191c8   0x080191c8   0x0000002c   Code   RO          220    i.stop_audio        gsm.o
    0x080191f4   0x080191f4   0x0000004c   Code   RO          221    i.uartTxByte        gsm.o
    0x08019240   0x08019240   0x00000028   Code   RO          954    i.uxListRemove      list.o
    0x08019268   0x08019268   0x00000022   Code   RO          968    i.uxQueueSpacesAvailable  queue.o
    0x0801928a   0x0801928a   0x00000002   PAD
    0x0801928c   0x0801928c   0x0000001c   Code   RO         1000    i.uxTaskResetEventItemValue  tasks.o
    0x080192a8   0x080192a8   0x0000001c   Code   RO           69    i.vApplicationIdleHook  freertos.o
    0x080192c4   0x080192c4   0x00000010   Code   RO          945    i.vEventGroupSetBitsCallback  event_groups.o
    0x080192d4   0x080192d4   0x0000001a   Code   RO          955    i.vListInitialise   list.o
    0x080192ee   0x080192ee   0x00000006   Code   RO          956    i.vListInitialiseItem  list.o
    0x080192f4   0x080192f4   0x00000036   Code   RO          957    i.vListInsert       list.o
    0x0801932a   0x0801932a   0x00000018   Code   RO          958    i.vListInsertEnd    list.o
    0x08019342   0x08019342   0x00000002   PAD
    0x08019344   0x08019344   0x0000001c   Code   RO         1109    i.vPortEnterCritical  port.o
    0x08019360   0x08019360   0x00000028   Code   RO         1110    i.vPortExitCritical  port.o
    0x08019388   0x08019388   0x00000080   Code   RO         1118    i.vPortFree         heap_4.o
    0x08019408   0x08019408   0x00000018   Code   RO         1111    i.vPortYield        port.o
    0x08019420   0x08019420   0x0000002c   Code   RO          969    i.vQueueAddToRegistry  queue.o
    0x0801944c   0x0801944c   0x00000040   Code   RO          973    i.vQueueWaitForMessageRestricted  queue.o
    0x0801948c   0x0801948c   0x00000058   Code   RO         1001    i.vTaskDelay        tasks.o
    0x080194e4   0x080194e4   0x0000000c   Code   RO         1004    i.vTaskMissedYield  tasks.o
    0x080194f0   0x080194f0   0x00000054   Code   RO         1005    i.vTaskPlaceOnEventList  tasks.o
    0x08019544   0x08019544   0x00000054   Code   RO         1006    i.vTaskPlaceOnEventListRestricted  tasks.o
    0x08019598   0x08019598   0x00000080   Code   RO         1007    i.vTaskPlaceOnUnorderedEventList  tasks.o
    0x08019618   0x08019618   0x00000020   Code   RO         1011    i.vTaskSetTimeOutState  tasks.o
    0x08019638   0x08019638   0x00000068   Code   RO         1012    i.vTaskStartScheduler  tasks.o
    0x080196a0   0x080196a0   0x00000010   Code   RO         1014    i.vTaskSuspendAll   tasks.o
    0x080196b0   0x080196b0   0x0000008c   Code   RO         1015    i.vTaskSwitchContext  tasks.o
    0x0801973c   0x0801973c   0x0000003e   Code   RO          946    i.xEventGroupClearBits  event_groups.o
    0x0801977a   0x0801977a   0x0000001c   Code   RO          948    i.xEventGroupCreate  event_groups.o
    0x08019796   0x08019796   0x00000018   Code   RO          949    i.xEventGroupGetBitsFromISR  event_groups.o
    0x080197ae   0x080197ae   0x000000c8   Code   RO          950    i.xEventGroupSetBits  event_groups.o
    0x08019876   0x08019876   0x00000002   PAD
    0x08019878   0x08019878   0x00000020   Code   RO          951    i.xEventGroupSetBitsFromISR  event_groups.o
    0x08019898   0x08019898   0x00000120   Code   RO          953    i.xEventGroupWaitBits  event_groups.o
    0x080199b8   0x080199b8   0x00000038   Code   RO         1112    i.xPortStartScheduler  port.o
    0x080199f0   0x080199f0   0x00000024   Code   RO         1113    i.xPortSysTickHandler  port.o
    0x08019a14   0x08019a14   0x00000070   Code   RO          974    i.xQueueGenericCreate  queue.o
    0x08019a84   0x08019a84   0x00000150   Code   RO          975    i.xQueueGenericReceive  queue.o
    0x08019bd4   0x08019bd4   0x0000007e   Code   RO          976    i.xQueueGenericReset  queue.o
    0x08019c52   0x08019c52   0x0000014e   Code   RO          977    i.xQueueGenericSend  queue.o
    0x08019da0   0x08019da0   0x000000b2   Code   RO          978    i.xQueueGenericSendFromISR  queue.o
    0x08019e52   0x08019e52   0x0000009c   Code   RO          979    i.xQueueGiveFromISR  queue.o
    0x08019eee   0x08019eee   0x00000090   Code   RO          983    i.xQueueReceiveFromISR  queue.o
    0x08019f7e   0x08019f7e   0x00000002   PAD
    0x08019f80   0x08019f80   0x00000074   Code   RO         1017    i.xTaskCheckForTimeOut  tasks.o
    0x08019ff4   0x08019ff4   0x00000138   Code   RO         1018    i.xTaskGenericCreate  tasks.o
    0x0801a12c   0x0801a12c   0x00000024   Code   RO         1020    i.xTaskGetSchedulerState  tasks.o
    0x0801a150   0x0801a150   0x0000000c   Code   RO         1021    i.xTaskGetTickCount  tasks.o
    0x0801a15c   0x0801a15c   0x00000140   Code   RO         1023    i.xTaskIncrementTick  tasks.o
    0x0801a29c   0x0801a29c   0x00000088   Code   RO         1024    i.xTaskRemoveFromEventList  tasks.o
    0x0801a324   0x0801a324   0x00000090   Code   RO         1025    i.xTaskRemoveFromUnorderedEventList  tasks.o
    0x0801a3b4   0x0801a3b4   0x000000ec   Code   RO         1026    i.xTaskResumeAll    tasks.o
    0x0801a4a0   0x0801a4a0   0x00000050   Code   RO         1042    i.xTimerCreate      timers.o
    0x0801a4f0   0x0801a4f0   0x0000004c   Code   RO         1043    i.xTimerCreateTimerTask  timers.o
    0x0801a53c   0x0801a53c   0x00000074   Code   RO         1044    i.xTimerGenericCommand  timers.o
    0x0801a5b0   0x0801a5b0   0x00000034   Code   RO         1047    i.xTimerPendFunctionCallFromISR  timers.o
    0x0801a5e4   0x0801a5e4   0x00000021   Data   RO            9    .constdata          system_stm32l0xx.o
    0x0801a605   0x0801a605   0x00000003   PAD
    0x0801a608   0x0801a608   0x00000068   Data   RO           70    .constdata          freertos.o
    0x0801a670   0x0801a670   0x0000026f   Data   RO          121    .constdata          maincontrol.o
    0x0801a8df   0x0801a8df   0x0000014d   Data   RO          253    .constdata          gps.o
    0x0801aa2c   0x0801aa2c   0x00000004   PAD
    0x0801aa30   0x0801aa30   0x00000050   Data   RO         1126    .constdata          m_ps.l(acos.o)
    0x0801aa80   0x0801aa80   0x00000088   Data   RO         1138    .constdata          m_ps.l(pow.o)
    0x0801ab08   0x0801ab08   0x00000081   Data   RO         1157    .constdata          mc_p.l(ctype_o.o)
    0x0801ab89   0x0801ab89   0x00000003   PAD
    0x0801ab8c   0x0801ab8c   0x00000004   Data   RO         1158    .constdata          mc_p.l(ctype_o.o)
    0x0801ab90   0x0801ab90   0x00000030   Data   RO         1337    .constdata          m_ps.l(cos_i.o)
    0x0801abc0   0x0801abc0   0x00000008   Data   RO         1347    .constdata          m_ps.l(qnan.o)
    0x0801abc8   0x0801abc8   0x000000c8   Data   RO         1350    .constdata          m_ps.l(rred.o)
    0x0801ac90   0x0801ac90   0x00000028   Data   RO         1353    .constdata          m_ps.l(sin_i.o)
    0x0801acb8   0x0801acb8   0x0000001c   Data   RO           43    .conststring        main.o
    0x0801acd4   0x0801acd4   0x00000026   Data   RO           71    .conststring        freertos.o
    0x0801acfa   0x0801acfa   0x00000002   PAD
    0x0801acfc   0x0801acfc   0x000000c4   Data   RO          223    .conststring        gsm.o
    0x0801adc0   0x0801adc0   0x00000116   Data   RO          254    .conststring        gps.o
    0x0801aed6   0x0801aed6   0x00000002   PAD
    0x0801aed8   0x0801aed8   0x00000045   Data   RO          276    .conststring        ota.o
    0x0801af1d   0x0801af1d   0x00000003   PAD
    0x0801af20   0x0801af20   0x00000020   Data   RO         1401    Region$$Table       anon$$obj.o


    Execution Region RW_IRAM1 (Exec base: 0x20000000, Load base: 0x0801af40, Size: 0x000049d0, Max: 0x00005000, ABSOLUTE)

    Exec Addr    Load Addr    Size         Type   Attr      Idx    E Section Name        Object

    0x20000000   0x0801af40   0x00000004   Data   RW           10    .data               system_stm32l0xx.o
    0x20000004   0x0801af44   0x00000004   Data   RW           33    .data               app_task_5.o
    0x20000008   0x0801af48   0x00000004   Data   RW           44    .data               main.o
    0x2000000c   0x0801af4c   0x00000002   Data   RW           61    .data               stm32l0xx_it.o
    0x2000000e   0x0801af4e   0x00000002   PAD
    0x20000010   0x0801af50   0x00000030   Data   RW           72    .data               freertos.o
    0x20000040   0x0801af80   0x00000004   Data   RW          110    .data               bma250.o
    0x20000044   0x0801af84   0x00000014   Data   RW          122    .data               maincontrol.o
    0x20000058   0x0801af98   0x00000004   Data   RW          132    .data               keyscan.o
    0x2000005c   0x0801af9c   0x0000000c   Data   RW          138    .data               usart1.o
    0x20000068   0x0801afa8   0x00000018   Data   RW          224    .data               gsm.o
    0x20000080   0x0801afc0   0x00000003   Data   RW          239    .data               wifi.o
    0x20000083   0x0801afc3   0x00000001   PAD
    0x20000084   0x0801afc4   0x0000000e   Data   RW          255    .data               gps.o
    0x20000092   0x0801afd2   0x00000002   PAD
    0x20000094   0x0801afd4   0x00000014   Data   RW          264    .data               geo.o
    0x200000a8   0x0801afe8   0x00000004   Data   RW          940    .data               stm32l0xx_hal.o
    0x200000ac   0x0801afec   0x00000034   Data   RW         1029    .data               tasks.o
    0x200000e0   0x0801b020   0x00000010   Data   RW         1049    .data               timers.o
    0x200000f0   0x0801b030   0x00000004   Data   RW         1114    .data               port.o
    0x200000f4   0x0801b034   0x00000018   Data   RW         1123    .data               heap_4.o
    0x2000010c   0x0801b04c   0x00000004   Data   RW         1181    .data               mc_p.l(strtok.o)
    0x20000110   0x0801b050   0x00000004   Data   RW         1370    .data               mc_p.l(stdout.o)
    0x20000114   0x0801b054   0x00000004   Data   RW         1377    .data               mc_p.l(errno.o)
    0x20000118        -       0x00001000   Zero   RW           97    .bss                w25qxx.o
    0x20001118        -       0x0000002d   Zero   RW          120    .bss                maincontrol.o
    0x20001145        -       0x000000f0   Zero   RW          137    .bss                usart1.o
    0x20001235        -       0x000002f0   Zero   RW          222    .bss                gsm.o
    0x20001525        -       0x000000f0   Zero   RW          238    .bss                wifi.o
    0x20001615        -       0x0000018c   Zero   RW          252    .bss                gps.o
    0x200017a1        -       0x00000050   Zero   RW          263    .bss                geo.o
    0x200017f1        -       0x00000018   Zero   RW          275    .bss                ota.o
    0x20001809   0x0801b058   0x00000003   PAD
    0x2000180c        -       0x00000024   Zero   RW          293    .bss                rtc.o
    0x20001830        -       0x00000058   Zero   RW          299    .bss                spi.o
    0x20001888        -       0x000001fc   Zero   RW          339    .bss                usart.o
    0x20001a84        -       0x00000014   Zero   RW          343    .bss                iwdg.o
    0x20001a98        -       0x00000040   Zero   RW          984    .bss                queue.o
    0x20001ad8        -       0x000002d0   Zero   RW         1028    .bss                tasks.o
    0x20001da8        -       0x00000028   Zero   RW         1048    .bss                timers.o
    0x20001dd0        -       0x00002800   Zero   RW         1122    .bss                heap_4.o
    0x200045d0        -       0x00000400   Zero   RW            1    STACK               startup_stm32l071xx.o


==============================================================================

Image component sizes


      Code (inc. data)   RO Data    RW Data    ZI Data      Debug   Object Name

      1756        450          0          0          0          0   app_task_1.o
      1008         90          0          0          0          0   app_task_2.o
      1106         76          0          0          0          0   app_task_3.o
        48          6          0          0          0          0   app_task_4.o
      1560        204          0          4          0          0   app_task_5.o
      3240        162          0          0          0          0   app_task_timer.o
       548         22          0          4          0          0   bma250.o
      2860        768          0          0          0          0   cmdhandle.o
       368         14          0          0          0          0   cmsis_os.o
       684          6          0          0          0          0   event_groups.o
       448         74        142         48          0          0   freertos.o
      2720        224          0         20         80          0   geo.o
      1470        188          0          0          0          0   gpio.o
      4396        288        611         14        396          0   gps.o
     24388       5290        196         24        752          0   gsm.o
       640         60          0         24      10240          0   heap_4.o
       474         20          0          0          0          0   iic.o
        48         14          0          0         20          0   iwdg.o
       714         68          0          4          0          0   keyscan.o
       150          0          0          0          0          0   list.o
       320         32         28          4          0          0   main.o
      1000        180        623         20         45          0   maincontrol.o
      1392        270         69          0         24          0   ota.o
       402         58          0          4          0          0   port.o
      1880          4          0          0         64          0   queue.o
       314         24          0          0         36          0   rtc.o
       168         18          0          0         88          0   spi.o
        28          8        192          0       1024          0   startup_stm32l071xx.o
       100         18          0          4          0          0   stm32l0xx_hal.o
       278         34          0          0          0          0   stm32l0xx_hal_cortex.o
      1174         14          0          0          0          0   stm32l0xx_hal_dma.o
       542         32          0          0          0          0   stm32l0xx_hal_gpio.o
       414         30          0          0          0          0   stm32l0xx_hal_iwdg.o
        52          6          0          0          0          0   stm32l0xx_hal_msp.o
        60          8          0          0          0          0   stm32l0xx_hal_pwr.o
      2360        100          0          0          0          0   stm32l0xx_hal_rcc.o
       548         14          0          0          0          0   stm32l0xx_hal_rcc_ex.o
      1022         14          0          0          0          0   stm32l0xx_hal_rtc.o
      1316          0          0          0          0          0   stm32l0xx_hal_spi.o
      2648        102          0          0          0          0   stm32l0xx_hal_uart.o
       318          0          0          0          0          0   stm32l0xx_hal_uart_ex.o
      4188        288          0          2          0          0   stm32l0xx_it.o
       108         20         33          4          0          0   system_stm32l0xx.o
      2440        358          0         52        720          0   tasks.o
      1238        118          0         16         40          0   timers.o
       772         80          0          0        508          0   usart.o
       520         70          0         12        240          0   usart1.o
       860         26          0          0       4096          0   w25qxx.o
       744        136          0          3        240          0   wifi.o
       128          4          0          0          0          0   wm8960.o

    ----------------------------------------------------------------------
     76028      10090       1940        268      18616          0   Object Totals
         0          0         32          0          0          0   (incl. Generated)
        68          0         14          5          3          0   (incl. Padding)

    ----------------------------------------------------------------------

      Code (inc. data)   RO Data    RW Data    ZI Data      Debug   Library Member Name

       616         60         80          0          0          0   acos.o
        42          0          0          0          0          0   atof.o
       152         10          0          0          0          0   cos.o
       244         20         48          0          0          0   cos_i.o
        94         14          0          0          0          0   dunder.o
        44          4          0          0          0          0   fpclassify.o
       172          0          0          0          0          0   poly.o
      2556        196        136          0          0          0   pow.o
         0          0          8          0          0          0   qnan.o
       974         86        200          0          0          0   rred.o
       236         14         40          0          0          0   sin_i.o
        72          6          0          0          0          0   sqrt.o
        44          0          0          0          0          0   sqrtf.o
        30          0          0          0          0          0   _chval.o
        68          0          0          0          0          0   _sgetc.o
       166          0          0          0          0          0   _strtoul.o
        26          0          0          0          0          0   atoi.o
         8          4        133          0          0          0   ctype_o.o
         0          0          0          0          0          0   entry.o
         0          0          0          0          0          0   entry10a.o
         0          0          0          0          0          0   entry11a.o
         8          4          0          0          0          0   entry2.o
         4          0          0          0          0          0   entry5.o
         0          0          0          0          0          0   entry7b.o
         0          0          0          0          0          0   entry8b.o
         8          4          0          0          0          0   entry9a.o
        32         16          0          4          0          0   errno.o
        30          0          0          0          0          0   handlers.o
        40          0          0          0          0          0   idiv.o
        36          8          0          0          0          0   init.o
        18          0          0          0          0          0   isspace_o.o
         0          0          0          0          0          0   iusefp.o
       122          0          0          0          0          0   llmul.o
        32          0          0          0          0          0   llshl.o
        38          0          0          0          0          0   llsshr.o
        34          0          0          0          0          0   llushr.o
        26          0          0          0          0          0   memcmp.o
        36          0          0          0          0          0   memcpya.o
        36          0          0          0          0          0   memseta.o
      1296         62          0          0          0          0   printf8.o
       898         12          0          0          0          0   scanf_fp.o
         0          0          0          4          0          0   stdout.o
        20          0          0          0          0          0   strchr.o
        28          0          0          0          0          0   strcmp.o
        18          0          0          0          0          0   strcpy.o
        14          0          0          0          0          0   strlen.o
        30          0          0          0          0          0   strncmp.o
        40          0          0          0          0          0   strstr.o
       164         16          0          0          0          0   strtod.o
        72          4          0          4          0          0   strtok.o
       112          4          0          0          0          0   strtol.o
        44          0          0          0          0          0   uidiv.o
        96          0          0          0          0          0   uldiv.o
        20          0          0          0          0          0   uread4.o
        18          0          0          0          0          0   uwrite4.o
        40          2          0          0          0          0   cdrcmple.o
        20          0          0          0          0          0   cfcmple.o
        20          0          0          0          0          0   cfrcmple.o
        56          0          0          0          0          0   d2f.o
       356          4          0          0          0          0   dadd.o
       240          6          0          0          0          0   ddiv.o
       236          0          0          0          0          0   depilogue.o
        72         10          0          0          0          0   dfixi.o
        60         10          0          0          0          0   dfixui.o
        40          6          0          0          0          0   dflti.o
        28          4          0          0          0          0   dfltui.o
        28          6          0          0          0          0   dfltul.o
       208          6          0          0          0          0   dmul.o
        44          0          0          0          0          0   dscalb.o
       162          0          0          0          0          0   dsqrt.o
        40          0          0          0          0          0   f2d.o
       178          0          0          0          0          0   fadd.o
       124          0          0          0          0          0   fdiv.o
       130          0          0          0          0          0   fepilogue.o
        40          0          0          0          0          0   ffixui.o
        22          0          0          0          0          0   fflti.o
        14          0          0          0          0          0   ffltui.o
       122          0          0          0          0          0   fmul.o
        88          0          0          0          0          0   fsqrt.o

    ----------------------------------------------------------------------
     11304        598        648         12          0          0   Library Totals
        22          0          3          0          0          0   (incl. Padding)

    ----------------------------------------------------------------------

      Code (inc. data)   RO Data    RW Data    ZI Data      Debug   Library Name

      5246        410        512          0          0          0   m_ps.l
      3668        134        133         12          0          0   mc_p.l
      2368         54          0          0          0          0   mf_p.l

    ----------------------------------------------------------------------
     11304        598        648         12          0          0   Library Totals

    ----------------------------------------------------------------------

==============================================================================


      Code (inc. data)   RO Data    RW Data    ZI Data      Debug   

     87332      10688       2588        280      18616          0   Grand Totals
     87332      10688       2588        280      18616          0   ELF Image Totals
     87332      10688       2588        280          0          0   ROM Totals

==============================================================================

    Total RO  Size (Code + RO Data)                89920 (  87.81kB)
    Total RW  Size (RW Data + ZI Data)             18896 (  18.45kB)
    Total ROM Size (Code + RO Data + RW Data)      90200 (  88.09kB)

==============================================================================

